
R version 3.3.3 RC (2017-02-27 r72279) -- "Another Canoe"
Copyright (C) 2017 The R Foundation for Statistical Computing
Platform: x86_64-pc-linux-gnu (64-bit)

R is free software and comes with ABSOLUTELY NO WARRANTY.
You are welcome to redistribute it under certain conditions.
Type 'license()' or 'licence()' for distribution details.

  Natural language support but running in an English locale

R is a collaborative project with many contributors.
Type 'contributors()' for more information and
'citation()' on how to cite R or R packages in publications.

Type 'demo()' for some demos, 'help()' for on-line help, or
'help.start()' for an HTML browser interface to help.
Type 'q()' to quit R.

[Previously saved workspace restored]

> 
> rm(list=ls())
> set.seed(12345)
> 
> library(cpt)
> library(cpt.paper)
> 
> library(reshape)
> library(ggplot2)
> library(ggthemes)
> library(rdd)
Loading required package: sandwich
Loading required package: lmtest
Loading required package: zoo

Attaching package: ‘zoo’

The following objects are masked from ‘package:base’:

    as.Date, as.Date.numeric

Loading required package: AER
Loading required package: car
Loading required package: survival
Loading required package: splines
Loading required package: Formula
> library(xtable)
> 
> data(list="cpt.MPs")
> labels = cbind(attributes(cpt.MPs$rawdata)$var.labels,attributes(cpt.MPs$rawdata)$names)
> 
> Z0 = cpt.MPs$Z
> tr0  = cpt.MPs$T
> perm.N=500
> 
> setwd("~/Dropbox/Class.test2/figures/")
> 
> #### Balance in each covariate
> 
> f.stat = function(x1,x0){
+   #sd.bias = summary(x1-x0)[4]/sd(c(x1,x0),na.rm=T)
+   ks = ks.test(x1,x0)$p.value
+   ttest = t.test(x1,x0)$p.value
+   wilcox = wilcox.test(x1,x0)$p.value
+   return(c(mean(x1,na.rm=T),mean(x0,na.rm=T),ttest,wilcox,ks))
+ }
> 
> keep = abs(cpt.MPs$wobl_margin)<0.0655
> table(keep)
keep
FALSE  TRUE 
  261   164 
> Z = Z0[keep,]
> tr = tr0[keep]
> 
> tab = t(mapply(f.stat,as.list(data.frame(Z[tr==1,])),as.list(data.frame(Z[tr==0,]))))
There were 12 warnings (use warnings() to see them)
> tab = round(tab,dig=3)
> colnames(tab) = c("Ave. Treat","Ave. control","T-test","Wilcoxon","KS")
> print(tab)
                                 Ave. Treat Ave. control T-test Wilcoxon    KS
xxfemale                              0.035        0.051  0.610    0.608 1.000
xxyob                              1917.663     1917.949  0.847    0.833 0.749
xxyod                              1995.314     1995.115  0.843    0.860 0.873
wobl_race_effective_number_of_ca      2.240        2.227  0.761    0.186 0.092
wobl_race_electorate              58696.012    58278.154  0.827    0.942 0.856
wobl_race_turnout                     0.809        0.804  0.535    0.579 0.398
prev_attempts                         0.779        0.577  0.100    0.255 0.354
xxoc_local_politics                   0.244        0.231  0.841    0.842 1.000
xxoc_civil_serv                       0.023        0.013  0.616    0.625 1.000
xxoc_business                         0.140        0.141  0.978    0.980 1.000
xxoc_white_collar                     0.116        0.090  0.578    0.581 1.000
xxoc_journalist                       0.070        0.128  0.216    0.210 0.999
> 
> rownames(tab) = c("Female",
+                   "Year of birth",
+                   "Year of death",
+                   "Effective number of candidates",
+                   "# voters first winning/best losing race",
+                   "Turnout first winning/best losing race", 
+                   "Previous attempts",
+                   "Local politician",
+                   "Civil servant",
+                   "Business",
+                   "White collar",
+                   "Journalist")
>                   
> xtable(tab,caption="Balance table")
% latex table generated in R 3.3.3 by xtable 1.8-2 package
% Sun Mar 19 18:40:57 2017
\begin{table}[ht]
\centering
\begin{tabular}{rrrrrr}
  \hline
 & Ave. Treat & Ave. control & T-test & Wilcoxon & KS \\ 
  \hline
Female & 0.04 & 0.05 & 0.61 & 0.61 & 1.00 \\ 
  Year of birth & 1917.66 & 1917.95 & 0.85 & 0.83 & 0.75 \\ 
  Year of death & 1995.31 & 1995.12 & 0.84 & 0.86 & 0.87 \\ 
  Effective number of candidates & 2.24 & 2.23 & 0.76 & 0.19 & 0.09 \\ 
  \# voters first winning/best losing race & 58696.01 & 58278.15 & 0.83 & 0.94 & 0.86 \\ 
  Turnout first winning/best losing race & 0.81 & 0.80 & 0.54 & 0.58 & 0.40 \\ 
  Previous attempts & 0.78 & 0.58 & 0.10 & 0.26 & 0.35 \\ 
  Local politician & 0.24 & 0.23 & 0.84 & 0.84 & 1.00 \\ 
  Civil servant & 0.02 & 0.01 & 0.62 & 0.62 & 1.00 \\ 
  Business & 0.14 & 0.14 & 0.98 & 0.98 & 1.00 \\ 
  White collar & 0.12 & 0.09 & 0.58 & 0.58 & 1.00 \\ 
  Journalist & 0.07 & 0.13 & 0.22 & 0.21 & 1.00 \\ 
   \hline
\end{tabular}
\caption{Balance table} 
\end{table}
> 
> # balance plot:
> balance.plot0 =1
> if (balance.plot0==1){
+   
+   # Function to create figure with both summary statistics and plots of p-values for different variables across different groups
+   # Author: Rocio Titiunik
+   # Date: September 5th, 2008
+   # Version: 1.0
+   
+   # Version to distribute publicly
+   
+   # NOTE: This function is *very far* from being a real function. As you'll see, there are many parameters set inside the function
+   #       that should be arguments to the function instead. I'm currently working on a version that is fully flexible and does not
+   #       set any parameters inside the function. But for now, this is it.
+   
+   # About the arguments of the function:
+   
+   # 'results':     a matrix whose rows are different variables; whose first two columns contain the means for treated and control;
+   #                and whose remaining columns have the pvalues to be plotted for every variable
+   
+   # 'title':       title of the overall graph
+   
+   # at1, at2,at3:  scalars which indicates where to locate the three differents groups (mean treatment, mean controls, graph area) in the figure area
+   
+   # xlim1 :         the left limit of the x-axis; right limit is always set to 1
+   
+   # textsize:      scalar indicating the size of text in the figure
+   
+   # legend:        logical indicating whether the legend should be included
+   
+   # legendx:       scalar indicating the x-coordinate of the legend's location
+   
+   # legendy:       scalar indicating the y-coordinate of the legend's location
+   
+   # parcex:        scalar setting cex parameter
+   
+   
+   
+   plot.pval <- function(results, title=NULL, legend,legendx=0.7,legendy=3, textsize=0.9, parcex=0.8, at1=-0.35, at2=-0.15, at3=-0.9,xlim1=-0.85) {
+     
+     
+     # set values of different parameters
+     #xlim = c(xlim1,1); pchset = c(21,24,22,23); pchcolset = c("blue","yellow","red","darkgreen")
+     xlim = c(xlim1,1); pchset = c(21,24,22,23); pchcolset = c("black","black","black","")
+     
+     # set margins and letter size
+     par(cex=parcex, mai = c(0.5, 0.35, 1.1, 0.35))
+     
+     # set number of rows 
+     ny = nrow(results)
+     
+     # create the empty figure
+     if(!is.null(title))  plot(x=NULL,axes=F, xlim=xlim, ylim=c(1,ny),xlab="",ylab="", main=title)
+     if(is.null(title))   plot(x=NULL,axes=F, xlim=xlim, ylim=c(1,ny),xlab="",ylab="")
+     
+     # add the 0, 0.05 and 0.1 vertical lines
+     abline(v=c(0,0.05,0.1),lty=c(1,4,4), lwd=c(1,2,2))
+     axis(side=1,at=c(0,0.05,0.1,1),tick=TRUE, las=2, cex.axis=0.7)
+     
+     # add labels on top of the three areas of the graph
+     axis(side=3,at=at1,labels="Mean\nTreated",tick=FALSE, padj=0.5,cex.axis=textsize)
+     axis(side=3,at=at2,labels="Mean\nControl",tick=FALSE, padj=0.5,cex.axis=textsize)
+     axis(side=3,at=0.5,labels="P-values",tick=FALSE, padj=0.5,cex.axis=textsize)
+     
+     # Fill the figure with the information which is inside the 'results' matrix
+     # First, add the p-values as points
+     for(i in 4:ncol(results)) points(results[,i],ny:1, pch = pchset[i-4+1], col = pchcolset[i-4+1], bg = pchcolset[i-4+1])
+     
+     # Second, add each variable name and the means for treated and control
+     for(i in 1:ny) {
+       text(at3,ny-i+1,results[i,1],adj = 0,cex=textsize) # variable name
+       text(at1,ny-i+1,results[i,2], cex=textsize)        # treatment mean
+       text(at2,ny-i+1,results[i,3], cex=textsize)        # control mean
+     }
+     
+     # Add dotted horizontal lines every two variables to make it prettier
+     for(i in seq(2,by=2,length.out=floor((ny-1)/2))) abline(h = i+0.5, lty = 3)
+     
+     # Add legend
+     if(legend) legend(x=legendx, y=legendy, c("T-test","Wilcoxon","KS"), pch=pchset, pt.bg = pchcolset, cex=0.8)
+   }
+   
+ }
> 
> tab = cbind(rownames(tab),tab)
> 
> 
> pdf("fig_MPs_balance.pdf",height=4,width=5)
> plot.pval(tab,legend=TRUE,parcex=0.4)
> dev.off()
null device 
          1 
> 
> # joint F-test:
> summary(lm(I(tr=="1")~(.),data=as.data.frame(Z)))

Call:
lm(formula = I(tr == "1") ~ (.), data = as.data.frame(Z))

Residuals:
    Min      1Q  Median      3Q     Max 
-0.6975 -0.5056  0.2473  0.4691  0.7283 

Coefficients:
                                   Estimate Std. Error t value Pr(>|t|)  
(Intercept)                       2.013e+00  1.437e+01   0.140   0.8888  
xxfemale                         -1.277e-01  2.080e-01  -0.614   0.5402  
xxyob                            -1.408e-03  4.876e-03  -0.289   0.7731  
xxyod                             2.087e-04  6.663e-03   0.031   0.9751  
wobl_race_effective_number_of_ca  7.097e-02  1.488e-01   0.477   0.6341  
wobl_race_electorate              1.899e-06  3.545e-06   0.536   0.5929  
wobl_race_turnout                 6.044e-01  8.350e-01   0.724   0.4703  
prev_attempts                     8.937e-02  5.212e-02   1.715   0.0884 .
xxoc_local_politics              -1.984e-02  9.945e-02  -0.200   0.8421  
xxoc_civil_serv                   2.042e-01  3.016e-01   0.677   0.4995  
xxoc_business                    -2.566e-02  1.181e-01  -0.217   0.8283  
xxoc_white_collar                 5.891e-02  1.360e-01   0.433   0.6656  
xxoc_journalist                  -1.901e-01  1.403e-01  -1.355   0.1774  
---
Signif. codes:  0 ‘***’ 0.001 ‘**’ 0.01 ‘*’ 0.05 ‘.’ 0.1 ‘ ’ 1

Residual standard error: 0.5099 on 151 degrees of freedom
Multiple R-squared:  0.04002,	Adjusted R-squared:  -0.03627 
F-statistic: 0.5245 on 12 and 151 DF,  p-value: 0.8964

> summary(lm(I(tr=="1")~(.),data=as.data.frame(Z[,-c(27:28)])))

Call:
lm(formula = I(tr == "1") ~ (.), data = as.data.frame(Z[, -c(27:28)]))

Residuals:
    Min      1Q  Median      3Q     Max 
-0.6975 -0.5056  0.2473  0.4691  0.7283 

Coefficients:
                                   Estimate Std. Error t value Pr(>|t|)  
(Intercept)                       2.013e+00  1.437e+01   0.140   0.8888  
xxfemale                         -1.277e-01  2.080e-01  -0.614   0.5402  
xxyob                            -1.408e-03  4.876e-03  -0.289   0.7731  
xxyod                             2.087e-04  6.663e-03   0.031   0.9751  
wobl_race_effective_number_of_ca  7.097e-02  1.488e-01   0.477   0.6341  
wobl_race_electorate              1.899e-06  3.545e-06   0.536   0.5929  
wobl_race_turnout                 6.044e-01  8.350e-01   0.724   0.4703  
prev_attempts                     8.937e-02  5.212e-02   1.715   0.0884 .
xxoc_local_politics              -1.984e-02  9.945e-02  -0.200   0.8421  
xxoc_civil_serv                   2.042e-01  3.016e-01   0.677   0.4995  
xxoc_business                    -2.566e-02  1.181e-01  -0.217   0.8283  
xxoc_white_collar                 5.891e-02  1.360e-01   0.433   0.6656  
xxoc_journalist                  -1.901e-01  1.403e-01  -1.355   0.1774  
---
Signif. codes:  0 ‘***’ 0.001 ‘**’ 0.01 ‘*’ 0.05 ‘.’ 0.1 ‘ ’ 1

Residual standard error: 0.5099 on 151 degrees of freedom
Multiple R-squared:  0.04002,	Adjusted R-squared:  -0.03627 
F-statistic: 0.5245 on 12 and 151 DF,  p-value: 0.8964

> 
> ### Checking balance using multivariate tests:
> analysis <- cpt.analysis(Z=Z[,! colnames(Z) %in% c("tory","labour","xxoc_mainer")],
+              T=tr,
+              perm.N=perm.N, leaveout.N=leaveout.N,
+              do_5fold = FALSE)
$lda
$lda$rate
$lda$rate$pval
[1] 0.912

$lda$rate$teststat
[1] 0.5191478

$lda$rate$nulldist
  [1] 0.5374734 0.5448928 0.5319758 0.5262460 0.5279634 0.5295283 0.5192333
  [8] 0.5394496 0.5210275 0.5664881 0.5370910 0.5367761 0.5560178 0.5597134
 [15] 0.5626984 0.5582842 0.5453563 0.5258844 0.5246022 0.5285871 0.5305492
 [22] 0.5206427 0.5158988 0.5107697 0.5268404 0.5203356 0.5349353 0.5325888
 [29] 0.5369288 0.5459846 0.5416890 0.5611559 0.5509341 0.5439656 0.5450022
 [36] 0.5424969 0.5440351 0.5549638 0.5290710 0.5288316 0.5546784 0.5473504
 [43] 0.5394766 0.5259661 0.5265123 0.5618336 0.5418909 0.5579405 0.5552161
 [50] 0.5313146 0.5221975 0.5315418 0.5268645 0.5185830 0.5108034 0.5374205
 [57] 0.5252444 0.5214803 0.5231547 0.5334544 0.5318508 0.5510395 0.5400415
 [64] 0.5178564 0.5275442 0.5745120 0.5342832 0.5205000 0.5612324 0.5161160
 [71] 0.5358848 0.5564882 0.5245158 0.5444233 0.5295110 0.5601824 0.5597909
 [78] 0.5440510 0.5390550 0.5260475 0.5368632 0.5506293 0.5193382 0.5414944
 [85] 0.5262759 0.5733238 0.5511997 0.5303188 0.5162235 0.5317570 0.5226643
 [92] 0.5583971 0.5230610 0.5479110 0.5294275 0.5281959 0.5248070 0.5284067
 [99] 0.5390709 0.5340974 0.5294468 0.5465534 0.5518731 0.5420305 0.5433112
[106] 0.5202974 0.5299868 0.5572546 0.5075237 0.5357318 0.5246633 0.5487843
[113] 0.5365820 0.5330695 0.5170258 0.5518774 0.5480726 0.5419335 0.5357470
[120] 0.5436234 0.5352286 0.5199422 0.5227361 0.5375015 0.5531692 0.5581680
[127] 0.5459344 0.5311647 0.5315192 0.5303009 0.5313580 0.5438354 0.5239279
[134] 0.5373536 0.5367744 0.5337310 0.5317956 0.5157798 0.5097983 0.5341650
[141] 0.5482998 0.5358984 0.5698489 0.5542509 0.5341942 0.5450990 0.5329784
[148] 0.5480747 0.5262888 0.5217483 0.5274666 0.5948187 0.5237794 0.5264474
[155] 0.5484825 0.5381342 0.5632208 0.5291080 0.5573832 0.5313717 0.5327241
[162] 0.5209994 0.5347402 0.5203615 0.5246393 0.5342905 0.5348125 0.5279000
[169] 0.5175854 0.5488378 0.5234990 0.5511051 0.5422729 0.5355201 0.5355265
[176] 0.5208889 0.5216211 0.5398802 0.5469474 0.5147934 0.5739008 0.5361988
[183] 0.5400207 0.5483326 0.5237547 0.5505991 0.5263074 0.5289930 0.5191276
[190] 0.5317639 0.5284714 0.5274736 0.5259024 0.5055896 0.5281302 0.5520057
[197] 0.5206009 0.5255411 0.5155562 0.5207877 0.5286418 0.5424097 0.5372372
[204] 0.5413615 0.5379678 0.5295079 0.5682626 0.5453355 0.5147267 0.5154235
[211] 0.5254120 0.5282505 0.5468522 0.5652307 0.5288134 0.5255574 0.5585260
[218] 0.5282939 0.5337785 0.5131970 0.5142449 0.5363950 0.5175010 0.5367412
[225] 0.5435403 0.5327081 0.5322121 0.5179013 0.5303945 0.5600796 0.5325416
[232] 0.5520174 0.5267494 0.5338848 0.5254532 0.5472010 0.5168371 0.5485606
[239] 0.5451638 0.5192261 0.5493539 0.5116821 0.5230367 0.5316677 0.5399234
[246] 0.5482399 0.5388408 0.5320596 0.5277598 0.5436699 0.5239551 0.5309175
[253] 0.5401494 0.5185148 0.5321388 0.5459284 0.5709372 0.5540447 0.5302320
[260] 0.5457162 0.5405683 0.5400281 0.5356454 0.5238430 0.5181714 0.5480657
[267] 0.5407855 0.5308261 0.5100950 0.5607173 0.5220906 0.5183633 0.5195063
[274] 0.5332569 0.5428364 0.5368149 0.5603642 0.5298390 0.5441859 0.5350978
[281] 0.5622792 0.5375701 0.5308182 0.5437760 0.5522591 0.5412214 0.5220717
[288] 0.5466137 0.5201791 0.5347464 0.5448585 0.5409816 0.5243858 0.5177655
[295] 0.5523756 0.5416274 0.5477177 0.5275992 0.5472877 0.5247961 0.5441135
[302] 0.5389914 0.5297925 0.5280102 0.5498349 0.5237786 0.5272007 0.5719715
[309] 0.5236791 0.5237863 0.5268531 0.5149635 0.5211446 0.5716752 0.5285622
[316] 0.5128824 0.5520572 0.5281745 0.5293694 0.5408230 0.5391658 0.5358613
[323] 0.5385779 0.5383253 0.5392392 0.5278033 0.5156744 0.5206819 0.5182460
[330] 0.5390157 0.5198306 0.5284906 0.5234508 0.5324186 0.5400106 0.5480875
[337] 0.5226661 0.5277040 0.5301888 0.5247744 0.5229821 0.5306933 0.5405084
[344] 0.5360932 0.5515886 0.5297666 0.5308117 0.5360233 0.5480671 0.5529021
[351] 0.5396436 0.5583929 0.5227923 0.5445875 0.5363664 0.5324174 0.5357644
[358] 0.5260077 0.5144819 0.5307418 0.5203112 0.5368236 0.5296956 0.5650219
[365] 0.5304640 0.5355352 0.5176516 0.5312582 0.5325585 0.5464066 0.5361612
[372] 0.5288312 0.5271391 0.5755448 0.5359568 0.5210068 0.5290807 0.5417130
[379] 0.5523408 0.5383343 0.5398255 0.5238391 0.5505570 0.5252930 0.5208754
[386] 0.5756004 0.5439746 0.5277686 0.5360988 0.5450751 0.5441884 0.5210514
[393] 0.5395001 0.5228009 0.5348418 0.5240137 0.5608251 0.5416942 0.5104534
[400] 0.5564380 0.5534324 0.5146282 0.5362134 0.5396543 0.5497674 0.5483510
[407] 0.5463743 0.5423019 0.5201135 0.5363593 0.5412348 0.5569772 0.5402893
[414] 0.5165397 0.5276664 0.5360874 0.5386375 0.5259107 0.5411187 0.5186533
[421] 0.5233640 0.5222247 0.5309311 0.5320870 0.5230011 0.5418787 0.5540175
[428] 0.5256022 0.5224123 0.5284997 0.5275356 0.5078200 0.5318193 0.5107157
[435] 0.5389152 0.5481806 0.5402686 0.5442885 0.5453855 0.5283310 0.5406920
[442] 0.5265083 0.5306605 0.5292794 0.5229853 0.5442071 0.5171930 0.5158296
[449] 0.5440666 0.5411857 0.5265032 0.5206737 0.5558304 0.5305165 0.5328560
[456] 0.5321562 0.5236807 0.5208529 0.5713088 0.5319421 0.5502098 0.5392057
[463] 0.5479170 0.5431555 0.5227243 0.5257223 0.5382562 0.5291716 0.5297674
[470] 0.5397653 0.5417581 0.5241931 0.5593691 0.5309412 0.5280956 0.5391503
[477] 0.5438441 0.5382947 0.5432257 0.5519028 0.5718521 0.5175775 0.5206908
[484] 0.5380782 0.5488762 0.5350429 0.5418455 0.5462862 0.5486094 0.5246254
[491] 0.5482128 0.5236857 0.5317974 0.5462966 0.5321561 0.5463355 0.5352790
[498] 0.5411898 0.5463329 0.5646766


$lda$mse
$lda$mse$pval
[1] 0.894

$lda$mse$teststat
[1] -0.2403743

$lda$mse$nulldist
  [1] -0.2367504 -0.2225260 -0.2074096 -0.2384173 -0.2370697 -0.2246474
  [7] -0.2319317 -0.2345825 -0.2295547 -0.2389543 -0.2306976 -0.2334415
 [13] -0.2430915 -0.2321979 -0.2213971 -0.2240836 -0.2374217 -0.2132021
 [19] -0.2385267 -0.2364941 -0.2329671 -0.2345086 -0.2265150 -0.2363779
 [25] -0.2216469 -0.2389827 -0.2322860 -0.2285748 -0.2392587 -0.2331484
 [31] -0.2319851 -0.2177178 -0.2385455 -0.2351268 -0.2396015 -0.2364596
 [37] -0.2244949 -0.2412320 -0.2427118 -0.2359198 -0.2370681 -0.2389439
 [43] -0.2278593 -0.2296285 -0.2313227 -0.2320482 -0.2103327 -0.2163146
 [49] -0.2374311 -0.2362117 -0.2365709 -0.2357403 -0.2236836 -0.2207924
 [55] -0.2350773 -0.2283566 -0.2296341 -0.2379360 -0.2375193 -0.2284743
 [61] -0.2292978 -0.2315444 -0.2344504 -0.2197121 -0.2271751 -0.2315936
 [67] -0.2293118 -0.2426647 -0.2203037 -0.2395231 -0.2331715 -0.2332151
 [73] -0.2365500 -0.2317769 -0.2341592 -0.2408577 -0.2355948 -0.2233690
 [79] -0.2338444 -0.2414060 -0.2425630 -0.2356812 -0.2409517 -0.2255393
 [85] -0.2215720 -0.2406526 -0.2327341 -0.2377636 -0.2311349 -0.2363573
 [91] -0.2159455 -0.2305024 -0.2321949 -0.2423770 -0.2360222 -0.2382446
 [97] -0.2296370 -0.2305330 -0.2423284 -0.2142841 -0.2410167 -0.2239086
[103] -0.2372654 -0.2339789 -0.2254142 -0.2418922 -0.2203509 -0.2376131
[109] -0.2444979 -0.2389326 -0.2283833 -0.2348805 -0.2303955 -0.2402377
[115] -0.2330752 -0.2446150 -0.2383188 -0.2312569 -0.2396013 -0.2263777
[121] -0.2351745 -0.2284098 -0.2182933 -0.2397789 -0.2224835 -0.2239922
[127] -0.2349629 -0.2394616 -0.2242462 -0.2356155 -0.2181247 -0.2431709
[133] -0.2210514 -0.2364813 -0.2412511 -0.2426101 -0.2325118 -0.2376505
[139] -0.2448431 -0.2276173 -0.2256245 -0.2418877 -0.2317097 -0.2342980
[145] -0.2244075 -0.2291426 -0.2353602 -0.2337252 -0.2164213 -0.2324478
[151] -0.2461730 -0.2249747 -0.2433482 -0.2365610 -0.2367555 -0.2308425
[157] -0.2331775 -0.2392604 -0.2376919 -0.2300759 -0.2333751 -0.2381171
[163] -0.2367007 -0.2347948 -0.2272547 -0.2247205 -0.2305028 -0.2334132
[169] -0.2315453 -0.2292688 -0.2334306 -0.2262888 -0.2306898 -0.2427335
[175] -0.2307083 -0.2176613 -0.2339841 -0.2331745 -0.2344840 -0.2207779
[181] -0.2264930 -0.2353034 -0.2290616 -0.2212445 -0.2329705 -0.2319213
[187] -0.2254564 -0.2345220 -0.2328701 -0.2246275 -0.2300193 -0.2359442
[193] -0.2418690 -0.2425507 -0.2381369 -0.2430396 -0.2337340 -0.2308453
[199] -0.2366234 -0.2344642 -0.2248576 -0.2371191 -0.2372998 -0.2276516
[205] -0.2321034 -0.2373876 -0.2340250 -0.2379519 -0.2314685 -0.2397904
[211] -0.2309480 -0.2263249 -0.2386577 -0.2400280 -0.2307395 -0.2282153
[217] -0.2420245 -0.2292052 -0.2331718 -0.2426086 -0.2302969 -0.2328022
[223] -0.2344722 -0.2239063 -0.2433210 -0.2349007 -0.2375332 -0.2262256
[229] -0.2366556 -0.2367600 -0.2318218 -0.2347122 -0.2277252 -0.2455496
[235] -0.2330700 -0.2426193 -0.2363200 -0.2359754 -0.2376847 -0.2332128
[241] -0.2210383 -0.2152981 -0.2441769 -0.2307118 -0.2286413 -0.2328544
[247] -0.2299991 -0.2298649 -0.2329111 -0.2271330 -0.2271207 -0.2190490
[253] -0.2327688 -0.2357500 -0.2290586 -0.2305904 -0.2318742 -0.2330650
[259] -0.2242810 -0.2426613 -0.2345863 -0.2240849 -0.2222936 -0.2298211
[265] -0.2248255 -0.2373543 -0.2330366 -0.2279423 -0.2315480 -0.2192487
[271] -0.2268605 -0.2362145 -0.2241741 -0.2360483 -0.2340485 -0.2193111
[277] -0.2379365 -0.2393637 -0.2420485 -0.2189699 -0.2400206 -0.2163462
[283] -0.2375210 -0.2314721 -0.2255438 -0.2187179 -0.2378247 -0.2333314
[289] -0.2322184 -0.2243289 -0.2264294 -0.2296909 -0.2269873 -0.2405431
[295] -0.2199464 -0.2419406 -0.2368422 -0.2293020 -0.2337222 -0.2302777
[301] -0.2348792 -0.2419627 -0.2264073 -0.2363675 -0.2287709 -0.2197944
[307] -0.2351938 -0.2173733 -0.2392315 -0.2325610 -0.2174311 -0.2262645
[313] -0.2354960 -0.2330533 -0.2318540 -0.2286759 -0.2383709 -0.2423586
[319] -0.2359233 -0.2341394 -0.2404433 -0.2138197 -0.2375512 -0.2268705
[325] -0.2305807 -0.2309321 -0.2320182 -0.2312708 -0.2345938 -0.2396999
[331] -0.2260911 -0.2410773 -0.2290211 -0.2262312 -0.2387745 -0.2315726
[337] -0.2258680 -0.2279610 -0.2241845 -0.2128989 -0.2351771 -0.2242110
[343] -0.2337017 -0.2221904 -0.2337974 -0.2397205 -0.2265643 -0.2320268
[349] -0.2427071 -0.2333179 -0.2369221 -0.2234265 -0.2352736 -0.2164049
[355] -0.2337743 -0.2350106 -0.2229957 -0.2388474 -0.2349034 -0.2286756
[361] -0.2370701 -0.2278254 -0.2327117 -0.2302909 -0.2317517 -0.2370475
[367] -0.2276106 -0.2185293 -0.2329838 -0.2428454 -0.2272713 -0.2286822
[373] -0.2331206 -0.2387542 -0.2365221 -0.2221019 -0.2274701 -0.2173822
[379] -0.2309364 -0.2391580 -0.2258821 -0.2328673 -0.2296026 -0.2206593
[385] -0.2396018 -0.2392070 -0.2438996 -0.2393155 -0.2347262 -0.2292479
[391] -0.2242838 -0.2340980 -0.2242700 -0.2361776 -0.2340808 -0.2215244
[397] -0.2309675 -0.2338017 -0.2245521 -0.2422941 -0.2211560 -0.2277993
[403] -0.2243698 -0.2389297 -0.2301363 -0.2364447 -0.2316410 -0.2286695
[409] -0.2361881 -0.2377023 -0.2259920 -0.2417072 -0.2341119 -0.2066043
[415] -0.2165264 -0.2359294 -0.2375568 -0.2287338 -0.2367898 -0.2310035
[421] -0.2437773 -0.2252703 -0.2424970 -0.2319143 -0.2301694 -0.2289056
[427] -0.2347671 -0.2425105 -0.2265820 -0.2336325 -0.2401034 -0.2314839
[433] -0.2282376 -0.2305412 -0.2397177 -0.2292976 -0.2366585 -0.2315903
[439] -0.2349156 -0.2426370 -0.2352186 -0.2313138 -0.2386681 -0.2333112
[445] -0.2307809 -0.2392975 -0.2325016 -0.2420770 -0.2393902 -0.2334812
[451] -0.2306018 -0.2212454 -0.2274723 -0.2301210 -0.2327118 -0.2247188
[457] -0.2371047 -0.2289981 -0.2347681 -0.2421499 -0.2294154 -0.2341192
[463] -0.2264703 -0.2241860 -0.2198661 -0.2405819 -0.2333522 -0.2159755
[469] -0.2343265 -0.2321961 -0.2341604 -0.2356170 -0.2451765 -0.2303111
[475] -0.2362681 -0.2284190 -0.2322190 -0.2181348 -0.2319551 -0.2350454
[481] -0.2324317 -0.2364843 -0.2360358 -0.2250709 -0.2353961 -0.2348347
[487] -0.2256330 -0.2386177 -0.2388022 -0.2201808 -0.2368813 -0.2302336
[493] -0.2333418 -0.2359675 -0.2346458 -0.2391687 -0.2321715 -0.2226254
[499] -0.2303238 -0.2311229


$lda$probability
$lda$probability$pval
[1] 0.924

$lda$probability$teststat
[1] 0.5191478

$lda$probability$nulldist
  [1] 0.5493205 0.5467144 0.5270218 0.5255908 0.5256618 0.5189619 0.5523546
  [8] 0.5323019 0.5138150 0.5370803 0.5370330 0.5188918 0.5386390 0.5486784
 [15] 0.5335228 0.5443448 0.5316169 0.5350921 0.5557448 0.5625866 0.5494598
 [22] 0.5231099 0.5683018 0.5394735 0.5189394 0.5345162 0.5403787 0.5503837
 [29] 0.5364085 0.5430528 0.5527822 0.5233069 0.5323498 0.5395461 0.5306001
 [36] 0.5498753 0.5283741 0.5343133 0.5698350 0.5310098 0.5424958 0.5423821
 [43] 0.5307345 0.5339992 0.5379490 0.5348536 0.5191079 0.5450790 0.5392451
 [50] 0.5356212 0.5261479 0.5221433 0.5106892 0.5527763 0.5340364 0.5441605
 [57] 0.5488172 0.5422676 0.5394637 0.5302812 0.5265453 0.5078678 0.5389956
 [64] 0.5421638 0.5216738 0.5642991 0.5416772 0.5781097 0.5235707 0.5378213
 [71] 0.5341371 0.5249516 0.5383201 0.5324696 0.5210376 0.5387733 0.5168322
 [78] 0.5447805 0.5454478 0.5611185 0.5497272 0.5488960 0.5311597 0.5480369
 [85] 0.5288915 0.5408592 0.5420706 0.5303222 0.5390542 0.5468793 0.5604998
 [92] 0.5361276 0.5336857 0.5453863 0.5354399 0.5225678 0.5301208 0.5455443
 [99] 0.5246171 0.5582078 0.5293103 0.5239506 0.5498637 0.5460723 0.5332518
[106] 0.5420342 0.5563390 0.5221444 0.5302801 0.5361433 0.5452801 0.5315504
[113] 0.5500650 0.5386411 0.5584192 0.5129821 0.5275373 0.5330520 0.5417739
[120] 0.5543772 0.5595546 0.5293574 0.5557486 0.5220272 0.5399522 0.5393686
[127] 0.5407221 0.5273256 0.5543353 0.5277802 0.5277736 0.5274177 0.5420514
[134] 0.5232980 0.5507617 0.5542376 0.5428862 0.5170691 0.5361035 0.5310649
[141] 0.5370527 0.5384190 0.5578168 0.5187335 0.5346976 0.5215848 0.5263901
[148] 0.5345276 0.5372884 0.5622655 0.5282828 0.5616610 0.5377855 0.5579205
[155] 0.5366933 0.5188950 0.5367789 0.5168924 0.5504251 0.5294029 0.5298848
[162] 0.5283109 0.5138279 0.5396449 0.5590688 0.5193354 0.5507819 0.5190999
[169] 0.5368270 0.5136869 0.5449339 0.5351212 0.5209198 0.5746994 0.5353479
[176] 0.5479221 0.5356456 0.5624572 0.5172983 0.5305508 0.5409078 0.5301849
[183] 0.5235190 0.5394037 0.5247131 0.5336045 0.5223507 0.5278815 0.5452605
[190] 0.5377693 0.5306701 0.5440331 0.5341446 0.5608045 0.5476928 0.5203965
[197] 0.5396860 0.5435658 0.5395555 0.5406564 0.5330368 0.5331604 0.5303765
[204] 0.5539747 0.5330878 0.5221672 0.5288388 0.5319854 0.5454856 0.5423984
[211] 0.5415906 0.5176533 0.5383118 0.5433193 0.5222745 0.5322458 0.5356169
[218] 0.5705611 0.5194165 0.5205108 0.5351437 0.5335803 0.5196923 0.5231474
[225] 0.5458291 0.5432349 0.5691323 0.5263908 0.5834147 0.5423251 0.5361814
[232] 0.5419750 0.5481271 0.5558013 0.5202020 0.5437791 0.5256631 0.5370376
[239] 0.5622381 0.5356841 0.5520690 0.5430793 0.5569166 0.5232814 0.5418179
[246] 0.5341758 0.5316835 0.5344093 0.5220882 0.5320101 0.5335613 0.5279733
[253] 0.5393403 0.5343237 0.5422740 0.5346805 0.5156849 0.5343753 0.5280242
[260] 0.5432355 0.5235766 0.5246703 0.5715760 0.5103120 0.5481727 0.5234624
[267] 0.5264073 0.5460136 0.5381633 0.5322091 0.5479692 0.5232528 0.5583800
[274] 0.5387260 0.5216072 0.5446630 0.5376643 0.5240929 0.5588444 0.5578882
[281] 0.5445970 0.5220112 0.5421024 0.5387472 0.5407010 0.5432806 0.5520740
[288] 0.5451770 0.5251978 0.5708471 0.5237330 0.5240889 0.5328465 0.5433710
[295] 0.5327721 0.5243698 0.5151328 0.5275029 0.5511501 0.5303772 0.5273831
[302] 0.5350490 0.5425854 0.5191909 0.5271179 0.5257396 0.5448811 0.5412817
[309] 0.5214198 0.5138829 0.5389858 0.5391618 0.5213651 0.5238815 0.5421429
[316] 0.5422990 0.5223152 0.5243934 0.5549141 0.5173295 0.5357995 0.5210111
[323] 0.5356068 0.5436149 0.5367621 0.5450960 0.5357248 0.5253227 0.5504718
[330] 0.5300526 0.5192876 0.5306517 0.5602155 0.5378614 0.5189928 0.5243350
[337] 0.5305526 0.5172175 0.5349990 0.5158976 0.5318055 0.5317620 0.5267738
[344] 0.5187840 0.5380079 0.5575307 0.5292589 0.5218365 0.5426171 0.5257438
[351] 0.5396788 0.5247536 0.5463664 0.5441373 0.5258672 0.5461394 0.5319429
[358] 0.5346652 0.5219259 0.5453847 0.5524308 0.5211154 0.5263587 0.5273124
[365] 0.5230566 0.5186872 0.5442621 0.5277537 0.5469920 0.5402933 0.5156068
[372] 0.5250908 0.5328648 0.5188639 0.5431029 0.5478816 0.5586361 0.5245278
[379] 0.5212764 0.5359301 0.5426621 0.5316855 0.5098055 0.5280310 0.5774271
[386] 0.5185086 0.5585452 0.5236146 0.5443766 0.5440031 0.5231009 0.5413547
[393] 0.5164016 0.5309994 0.5382752 0.5235178 0.5438534 0.5324724 0.5440592
[400] 0.5349859 0.5211846 0.5236523 0.5695589 0.5252667 0.5323115 0.5612210
[407] 0.5388310 0.5189054 0.5178172 0.5428290 0.5388709 0.5313141 0.5310571
[414] 0.5239036 0.5310979 0.5348699 0.5214123 0.5443869 0.5672110 0.5514615
[421] 0.5286695 0.5332270 0.5140213 0.5263573 0.5247020 0.5517309 0.5239146
[428] 0.5286678 0.5208993 0.5284671 0.5278248 0.5389046 0.5375980 0.5297163
[435] 0.5341994 0.5428763 0.5359714 0.5509773 0.5319723 0.5219724 0.5340107
[442] 0.5580633 0.5300176 0.5215231 0.5223407 0.5353596 0.5313467 0.5206218
[449] 0.5324453 0.5578526 0.5291074 0.5408563 0.5336626 0.5361240 0.5254041
[456] 0.5212878 0.5588648 0.5245890 0.5508610 0.5266685 0.5292095 0.5394587
[463] 0.5374172 0.5409065 0.5416772 0.5197352 0.5398575 0.5686442 0.5493291
[470] 0.5194421 0.5376531 0.5446713 0.5254724 0.5337028 0.5343443 0.5161413
[477] 0.5426497 0.5445430 0.5512313 0.5276278 0.5486084 0.5656506 0.5205063
[484] 0.5268459 0.5460050 0.5392728 0.5176177 0.5357389 0.5264208 0.5331233
[491] 0.5302967 0.5443726 0.5457495 0.5609421 0.5524139 0.5216544 0.5506241
[498] 0.5427991 0.5354394 0.5452362



$logistic
$logistic$rate
$logistic$rate$pval
[1] 0.926

$logistic$rate$teststat
[1] 0.5207297

$logistic$rate$nulldist
  [1] 0.5271950 0.5508090 0.5345719 0.5457767 0.5224807 0.5245155 0.5470912
  [8] 0.5455864 0.5444343 0.5261446 0.5511931 0.5463807 0.5346247 0.5560872
 [15] 0.5265363 0.5232755 0.5440935 0.5236660 0.5384557 0.5191661 0.5207896
 [22] 0.5379324 0.5333811 0.5656901 0.5356461 0.5331829 0.5323127 0.5364895
 [29] 0.5389152 0.5295671 0.5326704 0.5433802 0.5408593 0.5330977 0.5242817
 [36] 0.5243761 0.5481127 0.5286681 0.5245085 0.5461938 0.5502265 0.5174102
 [43] 0.5484934 0.5186777 0.5690968 0.5567056 0.5353103 0.5594113 0.5421034
 [50] 0.5355848 0.5533118 0.5246323 0.5157074 0.5319174 0.5396043 0.5660110
 [57] 0.5273601 0.5434598 0.5362825 0.5367518 0.5249109 0.5243740 0.5271057
 [64] 0.5263706 0.5636298 0.5310405 0.5729177 0.5286840 0.5287030 0.5650559
 [71] 0.5342975 0.5227678 0.5354092 0.5348439 0.5613823 0.5231717 0.5297016
 [78] 0.5342111 0.5422668 0.5280658 0.5588083 0.5437636 0.5390272 0.5202653
 [85] 0.5396930 0.5578874 0.5346353 0.5192829 0.5162772 0.5258181 0.5437877
 [92] 0.5344081 0.5412274 0.5534978 0.5448218 0.5320250 0.5607330 0.5485719
 [99] 0.5114599 0.5455722 0.5202583 0.5486309 0.5556752 0.5536682 0.5249729
[106] 0.5286878 0.5381030 0.5310529 0.5161292 0.5432096 0.5365316 0.5487427
[113] 0.5668782 0.5163678 0.5245387 0.5231956 0.5393075 0.5282522 0.5606195
[120] 0.5369005 0.5317893 0.5261267 0.5183181 0.5364017 0.5546923 0.5429404
[127] 0.5201183 0.5699971 0.5434793 0.5430908 0.5376059 0.5458712 0.5315400
[134] 0.5180553 0.5430802 0.5308242 0.5402794 0.5130399 0.5241946 0.5229080
[141] 0.5210287 0.5369920 0.5421593 0.5322048 0.5197618 0.5419817 0.5388014
[148] 0.5154063 0.5418662 0.5207871 0.5448464 0.5204616 0.5280506 0.5278303
[155] 0.5388717 0.5313943 0.5241398 0.5253145 0.5554456 0.5363264 0.5567435
[162] 0.5425140 0.5855183 0.5304959 0.5538513 0.5229413 0.5227332 0.5323988
[169] 0.5521218 0.5672790 0.5467623 0.5277990 0.5524140 0.5729911 0.5459925
[176] 0.5246607 0.5337433 0.5274646 0.5600555 0.5550216 0.5297997 0.5240017
[183] 0.5298934 0.5487894 0.5203322 0.5460785 0.5413243 0.5368890 0.5512174
[190] 0.5455913 0.5635436 0.5340230 0.5454217 0.5168014 0.5291540 0.5262624
[197] 0.5228466 0.5527780 0.5353844 0.5386488 0.5380364 0.5472168 0.5534091
[204] 0.5385484 0.5736532 0.5393900 0.5394320 0.5491712 0.5547152 0.5345305
[211] 0.5435438 0.5520913 0.5310296 0.5528259 0.5251139 0.5277217 0.5396326
[218] 0.5486081 0.5408166 0.5475758 0.5228647 0.5227477 0.5368612 0.5398549
[225] 0.5435291 0.5367714 0.5659209 0.5294909 0.5309025 0.5340180 0.5363264
[232] 0.5293969 0.5408970 0.5544619 0.5522380 0.5336548 0.5302448 0.5291477
[239] 0.5831193 0.5355930 0.5352174 0.5531236 0.5351236 0.5234155 0.5181038
[246] 0.5164564 0.5351877 0.5468220 0.5279555 0.5356585 0.5488597 0.5323805
[253] 0.5277902 0.5202702 0.5691737 0.5510869 0.5288967 0.5501874 0.5423912
[260] 0.5471422 0.5390103 0.5232043 0.5471417 0.5294507 0.5300538 0.5396969
[267] 0.5209765 0.5267010 0.5313429 0.5364414 0.5377628 0.5709539 0.5445788
[274] 0.5140402 0.5416617 0.5170689 0.5326151 0.5360781 0.5568990 0.5484833
[281] 0.5541938 0.5135722 0.5350893 0.5387875 0.5403281 0.5454710 0.5449377
[288] 0.5213828 0.5399196 0.5407767 0.5333089 0.5376752 0.5478113 0.5317256
[295] 0.5342285 0.5255738 0.5521868 0.5272122 0.5451598 0.5307796 0.5693584
[302] 0.5321561 0.5223340 0.5765751 0.5367880 0.5416736 0.5443613 0.5473186
[309] 0.5816489 0.5464566 0.5343619 0.5478821 0.5276560 0.5307489 0.5480620
[316] 0.5364550 0.5548717 0.5350986 0.5353768 0.5376972 0.5430819 0.5366129
[323] 0.5256609 0.5353162 0.5209135 0.5266837 0.5486834 0.5379619 0.5874404
[330] 0.5126787 0.5220151 0.5420879 0.5242733 0.5536784 0.5342531 0.5464364
[337] 0.5283032 0.5324959 0.5217323 0.5385093 0.5784550 0.5434127 0.5442370
[344] 0.5407739 0.5243564 0.5519009 0.5242354 0.5373570 0.5699220 0.5199648
[351] 0.5232306 0.5156317 0.5224782 0.5316610 0.5464913 0.5324914 0.5477182
[358] 0.5502235 0.5630729 0.5431991 0.5281526 0.5578300 0.5385872 0.5322308
[365] 0.5213976 0.5449510 0.5214272 0.5339210 0.5473536 0.5581921 0.5287288
[372] 0.5306444 0.5223809 0.5604041 0.5331802 0.5212487 0.5613652 0.5492498
[379] 0.5534687 0.5298654 0.5150252 0.5432627 0.5462303 0.5361876 0.5240606
[386] 0.5339602 0.5441023 0.5480096 0.5319876 0.5395507 0.5459277 0.6006448
[393] 0.5228242 0.5418707 0.5323757 0.5627628 0.5235653 0.5620863 0.5448777
[400] 0.5296663 0.5356932 0.5199617 0.5492276 0.5400221 0.5539143 0.5333619
[407] 0.5069671 0.5482936 0.5475020 0.5308794 0.5387549 0.5291762 0.5303113
[414] 0.5362534 0.5440592 0.5509654 0.5227482 0.5304985 0.5402215 0.5558133
[421] 0.5128482 0.5321175 0.5405755 0.5307420 0.5397217 0.5370978 0.5343612
[428] 0.5608142 0.5262939 0.5614846 0.5211767 0.5345880 0.5602558 0.5897082
[435] 0.5241377 0.5406746 0.5359801 0.5462983 0.5195048 0.5266211 0.5337701
[442] 0.5563825 0.5336774 0.5425627 0.5565021 0.5551184 0.5495116 0.5398470
[449] 0.5228119 0.5440758 0.5448102 0.5373569 0.5371539 0.5334715 0.5466760
[456] 0.5408511 0.5185202 0.5295073 0.5301134 0.5265950 0.5481594 0.5544603
[463] 0.5566888 0.5375241 0.5206194 0.5345957 0.5451400 0.5306254 0.5210453
[470] 0.5393814 0.5466735 0.5535088 0.5533217 0.5329944 0.5239066 0.5389091
[477] 0.5299545 0.5459452 0.5217532 0.5464354 0.5482882 0.5425525 0.5387190
[484] 0.5579551 0.5511434 0.5616930 0.5648982 0.5494628 0.5275607 0.5323154
[491] 0.5276325 0.5339224 0.5424524 0.5190619 0.5377895 0.5228175 0.5253249
[498] 0.5317528 0.5307523 0.5486715


$logistic$mse
$logistic$mse$pval
[1] 0.928

$logistic$mse$teststat
[1] -0.2398713

$logistic$mse$nulldist
  [1] -0.2315038 -0.2283794 -0.2236163 -0.2352760 -0.2343869 -0.2402642
  [7] -0.2249139 -0.2207548 -0.2400406 -0.2239123 -0.2326401 -0.2350300
 [13] -0.2372968 -0.2373239 -0.2349995 -0.2218398 -0.2270117 -0.2288720
 [19] -0.2180883 -0.2374955 -0.2359321 -0.2208974 -0.2338000 -0.2344266
 [25] -0.2164481 -0.2318707 -0.2243078 -0.2265854 -0.2202176 -0.2283376
 [31] -0.2233319 -0.2349008 -0.2267992 -0.2099215 -0.2343860 -0.2219937
 [37] -0.2280770 -0.2341481 -0.2356728 -0.2268951 -0.2364291 -0.2301028
 [43] -0.2406337 -0.2256841 -0.2258894 -0.2346972 -0.2275107 -0.2196651
 [49] -0.2274801 -0.2348053 -0.2221348 -0.2358534 -0.2336044 -0.2369692
 [55] -0.2355867 -0.2337533 -0.2283337 -0.2327279 -0.2280343 -0.2346547
 [61] -0.2280255 -0.2423816 -0.2221152 -0.2401734 -0.2361831 -0.2343114
 [67] -0.2316857 -0.2224756 -0.2328974 -0.2259454 -0.2196543 -0.2427829
 [73] -0.2263441 -0.2415005 -0.2301595 -0.2328921 -0.2438501 -0.2274568
 [79] -0.2343851 -0.2255916 -0.2285503 -0.2310269 -0.2393097 -0.2396173
 [85] -0.2343133 -0.2238625 -0.2238250 -0.2258255 -0.2351790 -0.2391153
 [91] -0.2364647 -0.2183310 -0.2272318 -0.2303667 -0.2269046 -0.2307035
 [97] -0.2329256 -0.2367839 -0.2245183 -0.2367343 -0.2321675 -0.2240169
[103] -0.2326437 -0.2263742 -0.2396848 -0.2301922 -0.2427087 -0.2194967
[109] -0.2371882 -0.2285575 -0.2297351 -0.2380015 -0.2246154 -0.2284335
[115] -0.2369968 -0.2343001 -0.2333952 -0.2336876 -0.2416189 -0.2373135
[121] -0.2137348 -0.2270061 -0.2247848 -0.2224302 -0.2286280 -0.2285621
[127] -0.2252347 -0.2399409 -0.2316861 -0.2275830 -0.2268769 -0.2234982
[133] -0.2374549 -0.2226755 -0.2275204 -0.2413647 -0.2280210 -0.2367936
[139] -0.2410124 -0.2344918 -0.2293725 -0.2288242 -0.2409817 -0.2398066
[145] -0.2310524 -0.2321176 -0.2267623 -0.2438794 -0.2322562 -0.2288099
[151] -0.2242397 -0.2219814 -0.2270121 -0.2142828 -0.2211510 -0.2397772
[157] -0.2281220 -0.2215560 -0.2220578 -0.2371979 -0.2392878 -0.2333498
[163] -0.2381580 -0.2386186 -0.2312945 -0.2328914 -0.2283778 -0.2251680
[169] -0.2401379 -0.2340779 -0.2291769 -0.2386860 -0.2328381 -0.2215693
[175] -0.2300227 -0.2192062 -0.2335097 -0.2374255 -0.2200760 -0.2368217
[181] -0.2317724 -0.2354024 -0.2380428 -0.2413062 -0.2341069 -0.2342765
[187] -0.2393584 -0.2247076 -0.2302247 -0.2304040 -0.2230408 -0.2190449
[193] -0.2346543 -0.2316416 -0.2420629 -0.2348745 -0.2306015 -0.2300859
[199] -0.2216478 -0.2362733 -0.2453201 -0.2199009 -0.2326559 -0.2216152
[205] -0.2305715 -0.2379606 -0.2384507 -0.2327485 -0.2171541 -0.2420861
[211] -0.2206913 -0.2241575 -0.2400869 -0.2334353 -0.2109416 -0.2357848
[217] -0.2030693 -0.2167089 -0.2325408 -0.2413016 -0.2319558 -0.2192094
[223] -0.2353421 -0.2315579 -0.2270383 -0.2296967 -0.2275168 -0.2317738
[229] -0.2343024 -0.2383077 -0.2346289 -0.2285297 -0.2285118 -0.2326336
[235] -0.2358934 -0.2228737 -0.2298071 -0.2318796 -0.2401760 -0.2295531
[241] -0.2298817 -0.2326372 -0.2395021 -0.2249109 -0.2340891 -0.2246529
[247] -0.2387320 -0.2332279 -0.2098199 -0.2221531 -0.2376041 -0.2316956
[253] -0.2135731 -0.2312411 -0.2174163 -0.2257154 -0.2419767 -0.2306719
[259] -0.2358243 -0.2383078 -0.2292773 -0.2034469 -0.2314331 -0.2149856
[265] -0.2336511 -0.2229398 -0.2187094 -0.2289575 -0.2343874 -0.2368922
[271] -0.2340237 -0.2414784 -0.2418328 -0.2281918 -0.2158775 -0.2154266
[277] -0.2372727 -0.2348086 -0.2361667 -0.2229910 -0.2380132 -0.2248477
[283] -0.2237099 -0.2357476 -0.2431728 -0.2350240 -0.2318922 -0.2250427
[289] -0.2380971 -0.2313349 -0.2272487 -0.2155323 -0.2313277 -0.2175902
[295] -0.2142065 -0.2372555 -0.2300594 -0.2332554 -0.2330522 -0.2409831
[301] -0.2300382 -0.2203335 -0.2320259 -0.2264020 -0.2148823 -0.2309774
[307] -0.2215068 -0.2235813 -0.2394466 -0.2356926 -0.2347198 -0.2373051
[313] -0.2354057 -0.2391459 -0.2294175 -0.2284543 -0.2418443 -0.2335887
[319] -0.2360696 -0.2361864 -0.2309316 -0.2354659 -0.2363248 -0.2334650
[325] -0.2365745 -0.2290105 -0.2390882 -0.2251817 -0.2417387 -0.2211059
[331] -0.2267585 -0.2265773 -0.2331414 -0.2292421 -0.2280803 -0.2135395
[337] -0.2283417 -0.2284079 -0.2323405 -0.2237125 -0.2276179 -0.2218477
[343] -0.2270554 -0.2373851 -0.2348152 -0.2347953 -0.2248635 -0.2304963
[349] -0.2251062 -0.2317042 -0.2284795 -0.2210643 -0.2306046 -0.2292257
[355] -0.2268577 -0.2158104 -0.2340593 -0.2324328 -0.2302159 -0.2266810
[361] -0.2256469 -0.2353616 -0.2334294 -0.2296702 -0.2325352 -0.2207183
[367] -0.2319744 -0.2405201 -0.2297416 -0.2211162 -0.2146914 -0.2290498
[373] -0.2221652 -0.2262627 -0.2320517 -0.2302254 -0.2304636 -0.2400867
[379] -0.2186535 -0.2355716 -0.2347836 -0.2321805 -0.2325915 -0.2269443
[385] -0.2338258 -0.2352459 -0.2147262 -0.2402261 -0.2378780 -0.2187645
[391] -0.2268128 -0.2153288 -0.2290299 -0.2376550 -0.2281965 -0.2364701
[397] -0.2249733 -0.2156232 -0.2266654 -0.2311664 -0.2367958 -0.2278256
[403] -0.2357742 -0.2334847 -0.2178208 -0.2374405 -0.2408337 -0.2299218
[409] -0.2360035 -0.2304139 -0.2322855 -0.2301085 -0.2315963 -0.2155374
[415] -0.2282831 -0.2368157 -0.2243533 -0.2108463 -0.2372742 -0.2288183
[421] -0.2312705 -0.2382017 -0.2309826 -0.2388619 -0.2306438 -0.2344348
[427] -0.2288737 -0.2358517 -0.2335779 -0.2350129 -0.2350589 -0.2289853
[433] -0.2364536 -0.2392838 -0.2261013 -0.2286614 -0.2389682 -0.2262971
[439] -0.2243354 -0.2320242 -0.2341441 -0.2342576 -0.2313822 -0.2350881
[445] -0.2198210 -0.2325275 -0.2306079 -0.2315394 -0.2340683 -0.2366019
[451] -0.2419021 -0.2306442 -0.2275714 -0.2300112 -0.2347024 -0.2295096
[457] -0.2302275 -0.2359520 -0.2396052 -0.2277919 -0.2333743 -0.2278326
[463] -0.2325454 -0.2265069 -0.2186465 -0.2301863 -0.2302173 -0.2248983
[469] -0.2129620 -0.2269733 -0.2247353 -0.2284761 -0.2438371 -0.2234680
[475] -0.2333649 -0.2221252 -0.2203966 -0.2294761 -0.2319665 -0.2362038
[481] -0.2317170 -0.2350015 -0.2315453 -0.2215347 -0.2373027 -0.2326057
[487] -0.2379287 -0.2263992 -0.2376595 -0.2178443 -0.2236904 -0.2335775
[493] -0.2364024 -0.2264894 -0.2352155 -0.2308460 -0.2315134 -0.2253433
[499] -0.2193163 -0.2325775


$logistic$probability
$logistic$probability$pval
[1] 0.92

$logistic$probability$teststat
[1] 0.5207297

$logistic$probability$nulldist
  [1] 0.5193621 0.5486151 0.5363354 0.5304525 0.5262008 0.5263756 0.5214448
  [8] 0.5629384 0.5257003 0.5444120 0.5663575 0.5722350 0.6006710 0.5593683
 [15] 0.5369497 0.5316285 0.5362886 0.5506677 0.5279486 0.5581017 0.5136315
 [22] 0.5364862 0.5398829 0.5493910 0.5383701 0.5313128 0.5294815 0.5184374
 [29] 0.5510748 0.5161296 0.5334117 0.5227778 0.5225287 0.5264661 0.5445634
 [36] 0.5337666 0.5383818 0.5377706 0.5323717 0.5499239 0.5257969 0.5538277
 [43] 0.5279597 0.5299298 0.5417443 0.5505871 0.5525298 0.5367532 0.5384135
 [50] 0.5507491 0.5336980 0.5208889 0.5346154 0.5195115 0.5281288 0.5480863
 [57] 0.5443258 0.5362180 0.5367113 0.5357161 0.5354374 0.5502867 0.5478737
 [64] 0.5276172 0.5261235 0.5265392 0.5654685 0.5550758 0.5271343 0.5536004
 [71] 0.5444300 0.5289957 0.5377853 0.5348508 0.5435295 0.5292531 0.5266816
 [78] 0.5499494 0.5363055 0.5562320 0.5328994 0.5435719 0.5289658 0.5472133
 [85] 0.5271264 0.5310449 0.5333889 0.5517731 0.5410458 0.5256057 0.5583249
 [92] 0.5655426 0.5197776 0.5474202 0.5363020 0.5302556 0.5544435 0.5373638
 [99] 0.5881873 0.5361637 0.5801310 0.5177894 0.5166159 0.5371676 0.5567303
[106] 0.5415381 0.5403431 0.5530544 0.5590005 0.5537036 0.5115127 0.5352264
[113] 0.5453515 0.5385285 0.5227957 0.5440758 0.5368439 0.5404032 0.5386530
[120] 0.5250702 0.5418921 0.5271674 0.5402237 0.5227563 0.5267487 0.5352435
[127] 0.5379912 0.5184651 0.5805420 0.5486070 0.5294208 0.5193824 0.5370323
[134] 0.5485311 0.5945582 0.5304013 0.5398027 0.5223752 0.5781491 0.5328361
[141] 0.5186157 0.5342684 0.5319736 0.5379958 0.5398821 0.5499243 0.5497313
[148] 0.5320908 0.5500756 0.5464417 0.5404981 0.5200927 0.5261355 0.5339079
[155] 0.5503445 0.5507179 0.5335857 0.5183010 0.5199715 0.5264612 0.5334087
[162] 0.5321426 0.5346842 0.5276263 0.5323962 0.5410544 0.5358408 0.5478014
[169] 0.5487658 0.5374309 0.5472684 0.5417395 0.5449679 0.5368838 0.5224088
[176] 0.5291592 0.5296992 0.5449070 0.5262562 0.5280214 0.5464132 0.5514998
[183] 0.5449087 0.5243997 0.5380158 0.5470536 0.5548609 0.5294086 0.5379421
[190] 0.5403471 0.5129898 0.5419642 0.5341928 0.5310867 0.5290730 0.5277843
[197] 0.5257027 0.5347873 0.5643456 0.5582960 0.5423223 0.5645098 0.5367988
[204] 0.5400955 0.5581637 0.5223513 0.5212438 0.5430588 0.5585740 0.5425128
[211] 0.5359708 0.5304208 0.5238758 0.5262195 0.5414801 0.5452933 0.5289740
[218] 0.5228451 0.5460300 0.5197348 0.5644955 0.5530391 0.5334768 0.5229436
[225] 0.5512433 0.5599092 0.5458705 0.5440131 0.5542111 0.5504928 0.5401600
[232] 0.5323220 0.5275940 0.5417284 0.5271698 0.5381058 0.5218689 0.5617382
[239] 0.5305621 0.5508119 0.5385269 0.5202499 0.5393891 0.5283707 0.5885235
[246] 0.5396226 0.5272399 0.5746327 0.5451593 0.5596399 0.5508939 0.5487025
[253] 0.5385701 0.5203730 0.5439332 0.5375875 0.5234409 0.5579758 0.5333548
[260] 0.5587270 0.5474281 0.5566953 0.5494137 0.5307893 0.5261666 0.5548985
[267] 0.5475028 0.5235435 0.5522274 0.5487551 0.5279969 0.5300144 0.5654958
[274] 0.5370403 0.5367791 0.5380229 0.5502368 0.5619684 0.5230617 0.5586819
[281] 0.5422322 0.6043840 0.5153532 0.5551663 0.5379262 0.5277630 0.5474705
[288] 0.5437303 0.5161369 0.5223499 0.5285251 0.5291672 0.5322990 0.5447706
[295] 0.5324625 0.5354413 0.5301554 0.5466204 0.5323761 0.5240324 0.5376981
[302] 0.5368118 0.5200502 0.5349292 0.5393171 0.5225750 0.5312219 0.5584610
[309] 0.5311005 0.5512434 0.5406313 0.5519681 0.5456667 0.5211178 0.5420259
[316] 0.5331807 0.5720026 0.5319657 0.5522380 0.5412646 0.5531320 0.5158258
[323] 0.5560471 0.5685102 0.5535679 0.5409194 0.5368429 0.5504408 0.5144971
[330] 0.5279537 0.5394405 0.5453434 0.5117587 0.5150978 0.5408142 0.5327131
[337] 0.5283770 0.5305069 0.5227405 0.5451611 0.5581289 0.5200140 0.5327437
[344] 0.5377006 0.5490354 0.5442709 0.5235493 0.5360984 0.5372502 0.5288161
[351] 0.5296346 0.5517610 0.5409800 0.5258830 0.5209740 0.5252177 0.5397657
[358] 0.5613087 0.5213428 0.5487818 0.5400074 0.5525155 0.5232647 0.5350207
[365] 0.5435992 0.5131649 0.5312318 0.5499500 0.5504876 0.5430153 0.5184179
[372] 0.5330013 0.5298235 0.5464446 0.5393751 0.5573046 0.5629699 0.5771708
[379] 0.5316890 0.5467639 0.5240340 0.5303502 0.5389253 0.5437261 0.5291831
[386] 0.5281343 0.5214795 0.5550232 0.5425318 0.5571256 0.5471923 0.5586712
[393] 0.5383032 0.5523007 0.5346281 0.5311605 0.5373440 0.5502204 0.5151313
[400] 0.5359216 0.5470852 0.5522415 0.5478977 0.5237459 0.5356660 0.5262068
[407] 0.5401459 0.5439324 0.5191202 0.5368832 0.5646510 0.5257108 0.5350620
[414] 0.5562798 0.5392163 0.5396518 0.5444804 0.5266274 0.5345209 0.5578052
[421] 0.5332799 0.5356191 0.5332084 0.5488171 0.5389593 0.5104199 0.5258908
[428] 0.5328963 0.5275772 0.5341664 0.5418668 0.5811637 0.5053020 0.5417000
[435] 0.5393573 0.5228870 0.5504833 0.5307077 0.5379141 0.5300447 0.5431852
[442] 0.5409833 0.5292939 0.5190670 0.5278457 0.5442717 0.5553900 0.5348681
[449] 0.5360773 0.5366072 0.5599500 0.5534342 0.5389306 0.5470926 0.5759147
[456] 0.5386993 0.5247877 0.5513092 0.5256495 0.5143798 0.5237077 0.5186824
[463] 0.5291555 0.5216118 0.5340900 0.5350675 0.5547541 0.5341271 0.5373637
[470] 0.5305041 0.5407699 0.5538295 0.5338612 0.5355198 0.5341487 0.5290139
[477] 0.5390990 0.5310625 0.5148950 0.5330442 0.5401155 0.5311191 0.5615387
[484] 0.5315168 0.5543146 0.5378003 0.5264341 0.5399401 0.5440064 0.5445059
[491] 0.5189961 0.5343632 0.5436512 0.5141822 0.5274162 0.5452376 0.5462245
[498] 0.5390036 0.5459488 0.5153236



$logistic2
$logistic2$rate
$logistic2$rate$pval
[1] NA

$logistic2$rate$teststat
[1] 0.7643576

$logistic2$rate$nulldist
  [1] 0.7624971 0.6775015 0.7384856 0.7313341 0.6859838 0.6632638 0.7278248
  [8] 0.7503842 0.5835569 0.6758741 0.6307328 0.6162321 0.7109200 0.5976884
 [15] 0.6647984 0.6929812 0.6904670 0.7125483 0.6859464 0.7460126 0.5790465
 [22] 0.5592817 0.6802177 0.7045761 0.7214611 0.6887093 0.6814566 0.7591368
 [29] 0.7226365 0.6986950 0.7160489 0.7045780 0.6873312 0.6870430 0.7131894
 [36] 0.7512674 0.6584900 0.6926537 0.6714198 0.6805613 0.7124291 0.7171397
 [43]       NaN 0.6835698 0.5792878 0.7181742 0.7063670 0.6771973 0.7008993
 [50] 0.7117535 0.6199179 0.6989901 0.6635099 0.7378232 0.7705935 0.7155460
 [57] 0.7222869 0.5934344 0.5869682 0.7363508 0.6584719 0.7098661 0.7784626
 [64] 0.6876639 0.6809548 0.6637376 0.6782195 0.6480736 0.7401459 0.7040697
 [71] 0.7226187 0.6981409 0.6826777 0.6905748 0.6095752 0.6538259 0.6327794
 [78] 0.6210051 0.7011406 0.6894222 0.7091048 0.7009674 0.6901873 0.6105778
 [85] 0.6931237 0.6679373 0.6931588 0.7399783 0.7160991 0.7180463 0.7132670
 [92] 0.7308697 0.7138536 0.7191542 0.7115003 0.7422708 0.7394938 0.7048149
 [99] 0.6631995 0.6427117 0.6398536 0.7261475 0.7003231 0.7205204 0.6793258
[106] 0.6487056 0.7063989 0.5930157 0.6625074 0.6641122 0.6901023 0.6744803
[113] 0.6512593 0.6775187 0.6752151 0.6178984 0.6856529 0.7637819 0.7043979
[120] 0.6878423 0.6692744 0.7209143 0.6819883 0.6989376 0.5914256 0.6190336
[127] 0.6743190 0.7091442 0.7125972 0.6189938 0.7285723 0.6873606 0.5905141
[134] 0.6803629 0.6941101 0.6738591 0.7107405 0.7108046 0.7298584 0.6163020
[141] 0.7457747 0.7019436 0.6087104 0.7044811 0.6994997 0.7284573 0.6908042
[148] 0.6699857 0.6175600 0.6801100 0.7283976 0.7236232 0.7197589 0.7102130
[155] 0.7003063 0.6953159 0.7198865 0.7599552 0.6271945 0.5967976 0.7069765
[162] 0.6049220 0.7838720 0.6160267 0.6879501 0.6985200 0.7360172 0.7096753
[169] 0.7279333 0.6850807 0.6995712 0.6154388 0.6293207 0.7146410 0.7171155
[176] 0.6089874 0.7199118 0.7222844 0.6357390 0.7277207 0.7862512 0.7336236
[183] 0.7319006 0.7015049 0.7016950 0.6893288 0.7003599 0.7490131 0.6534659
[190] 0.7064494 0.7373874 0.6993184 0.6436172 0.6341265 0.6903033 0.6817569
[197] 0.6761063 0.7336955 0.6982372 0.7184860 0.6901161 0.7148363 0.7029705
[204] 0.5947197 0.6954152 0.6743910 0.6745895 0.6113247 0.6705693 0.6651964
[211] 0.6741336 0.7061753 0.6163629 0.6628948 0.6892447 0.7164622       NaN
[218] 0.6906843 0.5607072 0.7396153 0.7352524 0.6682296 0.7266186 0.6510867
[225] 0.7286543 0.7265549 0.6891358 0.5893296 0.6796196 0.7359797 0.7133008
[232] 0.6630967 0.6756642 0.6836837 0.7301186 0.7283671 0.6743472 0.6230935
[239] 0.7491700 0.7300874 0.7337107 0.7119938 0.6992581 0.7052324 0.6710094
[246]       NaN 0.6676247 0.6961726 0.6779834 0.6227906 0.6781710 0.7270498
[253] 0.6588842 0.6926596 0.7574169 0.5830685 0.7110741 0.7076331 0.6924857
[260] 0.6785417 0.7286140 0.7066825 0.6687347 0.6747365 0.7323974 0.7093814
[267] 0.7133520 0.7057448 0.6898118 0.7248142 0.6891051 0.6691384 0.6544377
[274] 0.5928875 0.6476856 0.7088376 0.6678736       NaN 0.7461857 0.7157281
[281] 0.6724802 0.5537161 0.7032737 0.7027072 0.7151737 0.6985685 0.7154527
[288] 0.7028269 0.7012505 0.6778093 0.7565559 0.6801071 0.6336591 0.7067977
[295] 0.6264465 0.6495630 0.7601300 0.7163046 0.7100593       NaN 0.6595045
[302] 0.6180288 0.7063656 0.7001321 0.7154559 0.6657668 0.6890726 0.7047677
[309] 0.7299547 0.7128967 0.7789176 0.6825958 0.7436362 0.6637478 0.7216173
[316] 0.5949257 0.6782014 0.7178260 0.6482245 0.5960530 0.7109559 0.7071840
[323] 0.7358477 0.6872813 0.7063206 0.7057738 0.6394000 0.7083341 0.7126196
[330] 0.6455973 0.6721173 0.6742811 0.6539946 0.6690625 0.6145066 0.6912809
[337] 0.7117338 0.6505834 0.7328319 0.7069511 0.7079008 0.7233058 0.6509877
[344] 0.6089659 0.6136142 0.6582257 0.7572905 0.6276475 0.7454852 0.6761909
[351] 0.7013797 0.6708645 0.7060529 0.6564373 0.7086848 0.6677775 0.7316909
[358] 0.6079027 0.7071726 0.7276110 0.7116140 0.6621189 0.7285559 0.6086974
[365] 0.7109005 0.6838469 0.7806153 0.6809994 0.6147595 0.6502156 0.6614175
[372] 0.6753138 0.7163672 0.7064095 0.7236824 0.6964359 0.6721164 0.7254994
[379] 0.7042200 0.7600723 0.7101073 0.6977989 0.7047251 0.7603833 0.7057664
[386] 0.6816029       NaN 0.7098626 0.6448460 0.6908243 0.6827300 0.6806918
[393] 0.7337076 0.6256255 0.7183660 0.6678483 0.6545094 0.6644546 0.6904618
[400] 0.6948938 0.7215920 0.7507901 0.7293088 0.7631835 0.6747648 0.6795232
[407] 0.6966802 0.7233806 0.6905511 0.6847332 0.6210898 0.7156413 0.7351444
[414] 0.7018435 0.5844512 0.7273054 0.7315261 0.6968974 0.6862888 0.6852720
[421] 0.6688793 0.6863606 0.6979536 0.6720917 0.7200473 0.6351667 0.6858218
[428] 0.6802213 0.6708939       NaN 0.6929749       NaN 0.7133098 0.6550539
[435] 0.6748107 0.6941441 0.6713295 0.7426607 0.6818962 0.6799922 0.6037016
[442] 0.6924549 0.7116514 0.7114595 0.6888989 0.6972985 0.6714631 0.6925997
[449] 0.7107394 0.7224496 0.6945571       NaN 0.6261902 0.6738330 0.6666457
[456] 0.7016890 0.6721692 0.6623673 0.6688403 0.6209075 0.7089778 0.6738905
[463] 0.6973024 0.6063569 0.7291411 0.7066182 0.7275895 0.7197872 0.7881680
[470] 0.6861651 0.7079522 0.6620157 0.6059097 0.6951418 0.7135483 0.7078568
[477] 0.6840305 0.7137118 0.6931123 0.6187575 0.6970852 0.7516154 0.6524261
[484] 0.6081322 0.7413595 0.7179839 0.7187049 0.6962011 0.6318274 0.7372491
[491] 0.6804499 0.7641943 0.6993465 0.7090676 0.7164160 0.7108116 0.6026255
[498] 0.7240532 0.6907666 0.6704388


$logistic2$mse
$logistic2$mse$pval
[1] NA

$logistic2$mse$teststat
[1] -0.1175167

$logistic2$mse$nulldist
  [1] -0.19106538 -0.12646791 -0.21498740 -0.14294538 -0.15791393 -0.13856868
  [7] -0.15465722 -0.14243027 -0.16726878 -0.15605612 -0.17048717 -0.13560075
 [13] -0.15144125 -0.16513707 -0.17087184 -0.15680357 -0.15070150 -0.14418151
 [19] -0.19407841 -0.16686778 -0.17043328         NaN         NaN -0.16364389
 [25] -0.14602773 -0.14608384 -0.18148142 -0.14803677 -0.12299808 -0.14586487
 [31] -0.14421860 -0.17363859 -0.16344732 -0.13432743 -0.16602764 -0.13313324
 [37] -0.17537110 -0.12897470 -0.16841150 -0.13839387 -0.14505872 -0.13025304
 [43] -0.17106194 -0.15703619 -0.15806560 -0.15245894 -0.13608053 -0.19187018
 [49] -0.14479605 -0.16677892 -0.20039966 -0.16812301 -0.15189294 -0.15020930
 [55] -0.12835686 -0.14219723 -0.15312126 -0.14977564 -0.14539670 -0.15477608
 [61] -0.16752525 -0.12324222 -0.16010049 -0.16400468 -0.15336171 -0.17287112
 [67] -0.17321374 -0.16230420 -0.15340191 -0.15985997 -0.16213881 -0.15363865
 [73] -0.15433005 -0.15875310 -0.14946438 -0.15758866 -0.13551303 -0.15774056
 [79] -0.20655862 -0.14533130 -0.14065299 -0.15205979 -0.15604039 -0.12282737
 [85] -0.14833665         NaN -0.12554324 -0.18408977 -0.09164215 -0.13629611
 [91] -0.12457956 -0.14671758 -0.16350374 -0.17298273 -0.15812481 -0.16727528
 [97] -0.15017324 -0.13585979 -0.19336125 -0.13411361 -0.15613888 -0.13832427
[103] -0.15604983 -0.15420257 -0.15749427 -0.16222166 -0.13913588 -0.16356029
[109] -0.11752575 -0.11877916 -0.13439807 -0.15101599 -0.16439031 -0.16705813
[115] -0.19718590 -0.15453018 -0.18657444 -0.13962748 -0.13922343 -0.16062044
[121] -0.16501187 -0.13558995 -0.15136957 -0.15001945 -0.15212192 -0.14575103
[127] -0.14059593 -0.13257297 -0.13878026 -0.17551911 -0.16106843 -0.16584677
[133] -0.13569089 -0.14321540 -0.15701796 -0.15041728 -0.16975732 -0.17750596
[139] -0.16769754 -0.21097360 -0.11642863 -0.14725754 -0.13765079 -0.13981801
[145] -0.14997399 -0.18639138 -0.16386487 -0.14737412 -0.14217752 -0.12629126
[151] -0.16235095 -0.15809622 -0.12655051 -0.14821580 -0.15799627 -0.16666263
[157] -0.16746476 -0.14277429 -0.11921606 -0.14990563 -0.13551748 -0.16243173
[163] -0.12883685 -0.15087324 -0.18364121 -0.15815525 -0.16235316 -0.21058962
[169] -0.13804020 -0.15564681 -0.14064689 -0.18945202 -0.14826191 -0.12416538
[175] -0.16475481 -0.14873167 -0.19137044 -0.14206802 -0.17327476 -0.14990924
[181] -0.13823179 -0.15394993 -0.13038793 -0.16678319 -0.13754465 -0.18785888
[187] -0.13810024 -0.14823619 -0.14348650 -0.15461488 -0.16501290 -0.12210376
[193] -0.14643041 -0.15249244 -0.14779239 -0.16686883 -0.16834371 -0.11511566
[199] -0.16844175 -0.12615224 -0.15951804 -0.15728244 -0.15981216 -0.14614546
[205] -0.14992167 -0.15209693 -0.15409315 -0.14930293 -0.12129311 -0.16567394
[211] -0.16375748 -0.16206413 -0.13137544 -0.13347453 -0.12499828 -0.19541779
[217] -0.13010715 -0.12593584 -0.15199404 -0.15798034 -0.16627337 -0.13513351
[223] -0.17513007 -0.17273981 -0.17130523 -0.14317246 -0.15319472 -0.14457756
[229] -0.15467311 -0.20047910 -0.14913372 -0.15838248 -0.16496760 -0.17589074
[235] -0.14096567 -0.20635970 -0.15392611 -0.14267018 -0.15804464 -0.13175047
[241] -0.12526030 -0.14315495 -0.16104753 -0.20342049 -0.16409934 -0.14840969
[247] -0.16180866 -0.14861563 -0.16289865 -0.10686769 -0.19339269 -0.15291186
[253] -0.15195704 -0.19650728 -0.15220179 -0.16353115 -0.17580547 -0.15262172
[259] -0.17134874 -0.14343590 -0.14286269 -0.14470644 -0.15949105 -0.14286364
[265] -0.15545789 -0.19286296 -0.15776331 -0.15462225 -0.14056713 -0.15182672
[271] -0.12384028 -0.14473405 -0.15876307 -0.13767298 -0.14255650 -0.16788770
[277] -0.11562279 -0.19828467 -0.17101253 -0.13978805 -0.13790648 -0.15690261
[283] -0.14317342 -0.15465422 -0.17024302 -0.16515565 -0.14721053 -0.14690299
[289] -0.13326351 -0.12553909 -0.15969763 -0.15134555 -0.16173800 -0.15212297
[295] -0.14982375 -0.13610393 -0.15238461 -0.12591981 -0.16694528 -0.19172349
[301] -0.15904313 -0.14944742 -0.14953011 -0.14964634 -0.14060932 -0.15058602
[307] -0.12204846 -0.12038262 -0.14831779 -0.16611274 -0.16057222 -0.14784311
[313] -0.14037955 -0.14833885 -0.16252483 -0.12501523 -0.16891618 -0.15622215
[319] -0.13648892 -0.16257561 -0.14145269 -0.21226606 -0.15821563 -0.22490809
[325] -0.16055214 -0.14347725 -0.15577764 -0.19808807 -0.13974167 -0.11917611
[331] -0.15695328 -0.16664296 -0.19132711 -0.12661847 -0.15152402 -0.17325144
[337] -0.11649621 -0.14361397 -0.19707859 -0.16117994 -0.16507718 -0.14991459
[343] -0.15622142 -0.16228153 -0.13878910 -0.16723273 -0.12694900 -0.20101899
[349] -0.14195172 -0.16246337 -0.17496164 -0.13516786 -0.14369223 -0.16078333
[355] -0.14240244 -0.18055758 -0.14901196 -0.14138647 -0.19950916 -0.14784365
[361] -0.15152275 -0.15702636 -0.14418116 -0.15362733 -0.15175084 -0.14533634
[367] -0.15679786 -0.14334060 -0.15202788 -0.14557762 -0.15883867 -0.13389636
[373] -0.12485146 -0.13230030 -0.15694294 -0.15751256 -0.16909274 -0.14673611
[379] -0.12937555 -0.16976004 -0.14798818 -0.14973585 -0.17605485 -0.15392578
[385] -0.15183010 -0.19868666 -0.14986701 -0.15737329 -0.17855292 -0.14346096
[391] -0.16001317 -0.14621164 -0.13225066 -0.11585118 -0.14262346 -0.14486643
[397] -0.15481909 -0.15129444 -0.14381703 -0.20659449 -0.14478949 -0.19743303
[403] -0.15350592 -0.13601452 -0.11936801 -0.15967693 -0.15369418 -0.15985697
[409] -0.19922384 -0.15279059 -0.13789616 -0.13945598 -0.17891498 -0.13430810
[415] -0.15509690 -0.13733332 -0.16383037 -0.15632798 -0.15097481 -0.15985992
[421] -0.17212562 -0.18510859 -0.12534853 -0.17144915 -0.15951002 -0.15613531
[427] -0.19608161 -0.13528814 -0.14311629 -0.16971315 -0.15409009 -0.15381217
[433] -0.15740061 -0.14115058 -0.16144066 -0.15152299 -0.14936788 -0.16537173
[439] -0.15472103 -0.15174316 -0.16199874 -0.12721305 -0.20131550 -0.14738029
[445] -0.13319162 -0.14902283 -0.15738130 -0.16507207 -0.15812735 -0.20846411
[451] -0.15896257 -0.12449203 -0.15213188 -0.12766693 -0.16973294 -0.14397710
[457] -0.14634735 -0.13659793 -0.11990662 -0.16357966 -0.13327843 -0.13925206
[463] -0.14567336 -0.15345928 -0.16864247 -0.12012263 -0.12486499 -0.17599665
[469] -0.14398563 -0.15929500 -0.15953261 -0.14366553 -0.15146134 -0.15035065
[475] -0.15825314 -0.14597047 -0.12271227 -0.11584583 -0.15592963 -0.17422555
[481] -0.15074579 -0.18432478 -0.15151596 -0.14649425 -0.15830709 -0.17113421
[487] -0.16554133 -0.16006290 -0.13286969 -0.17093776 -0.13330787 -0.12038595
[493] -0.14772444 -0.18606279 -0.15724487 -0.13424286 -0.15928856 -0.12891218
[499] -0.20244037 -0.13910981


$logistic2$probability
$logistic2$probability$pval
[1] NA

$logistic2$probability$teststat
[1] 0.7643576

$logistic2$probability$nulldist
  [1] 0.6896410 0.6721255 0.6575439 0.7105501 0.6985021 0.6821005 0.6534419
  [8] 0.6307276 0.7055957 0.6725824 0.7163073 0.6672370 0.7253917 0.7078157
 [15] 0.6626206 0.7067786 0.5614712 0.7094979 0.6931739 0.7132759 0.7485504
 [22] 0.7147944 0.6763830 0.6833622       NaN 0.6164944 0.6282123 0.7385830
 [29] 0.7087681 0.6778584 0.7535038 0.7470315 0.6759305 0.7609581 0.6369520
 [36] 0.6747647 0.7321761 0.6046062 0.6757926 0.6427554 0.7301238 0.7455142
 [43] 0.6851752 0.6943232 0.6507149 0.6803490 0.7371691 0.7027105 0.7705909
 [50] 0.7168891 0.6960107 0.6598487 0.5974613 0.7323617 0.6984153 0.7381484
 [57] 0.6850196 0.6861417 0.7262550 0.6394450 0.6751899 0.6909881 0.7134067
 [64] 0.7001698 0.7302493 0.7044265 0.6551724 0.6998174 0.6399044 0.7059714
 [71] 0.7221611 0.7218334 0.6501016 0.7130102 0.6816672 0.6572983       NaN
 [78] 0.7070687 0.6982146 0.7107895 0.7261580 0.7175285 0.6898803 0.7341962
 [85] 0.7151006 0.5875095 0.7138590 0.6886880 0.6467040 0.7203878 0.7330123
 [92] 0.6809653 0.7033042 0.7167489 0.7247849 0.6977018 0.6906565 0.6931401
 [99] 0.6935913 0.6996527 0.6471075 0.6405993 0.5689627 0.7229614 0.7200547
[106] 0.5958102 0.7140298 0.6521108 0.7475069 0.6849465 0.6749229 0.7342920
[113] 0.6556544 0.6706478 0.6622097 0.6185364 0.6848837 0.7738639 0.6682741
[120] 0.5869296 0.5821607 0.6356500 0.6968908 0.6454388 0.7270779 0.6918503
[127] 0.7049935 0.6772592 0.6963374 0.7209018 0.6787609 0.5960292 0.7274987
[134] 0.6548679 0.6281040 0.6611999 0.7064635 0.6528926 0.7246729 0.6793061
[141] 0.7377612 0.7609879 0.6774164       NaN 0.6314549 0.7330984 0.7302262
[148] 0.5981518 0.6860090 0.6430189 0.7382289 0.5864769 0.7000228 0.6900769
[155] 0.6532681 0.6258163 0.7768718 0.7256483 0.6724525 0.7279303 0.7209809
[162] 0.6087905 0.7265522 0.7019173 0.6718336 0.7112712 0.6640424 0.6758111
[169] 0.7032556 0.7085261 0.6995963 0.7562837 0.7041916 0.6789566 0.7382390
[176] 0.6884650 0.7091957 0.6969412 0.6957596 0.6345095 0.6731867 0.5925946
[183] 0.7530822 0.7077716 0.6571578 0.7473047 0.7112433 0.6723546 0.6957603
[190] 0.7160517 0.6792320 0.6598001 0.7348763 0.6678654 0.7451892 0.6822601
[197] 0.6876592 0.7202285 0.6658883 0.6734313 0.6854255 0.5828490 0.7166401
[204] 0.7039569 0.6558265 0.7403591 0.6664213 0.7082232 0.7043522 0.6134234
[211] 0.5797042 0.7210774 0.6245432 0.6827852 0.7085404 0.6828609 0.7001352
[218] 0.7212189 0.7347926 0.6989934 0.6877308 0.6887745 0.7142979 0.6819952
[225] 0.7675164 0.6267862 0.7701907 0.5683494 0.5901979 0.6306523 0.6222045
[232] 0.6333403 0.6639554 0.6879962 0.6895275 0.6989915 0.7195827 0.6943703
[239] 0.6549229 0.6771762 0.7087794 0.7197387 0.6093524 0.6770796 0.7561759
[246] 0.7131021 0.6902144 0.6601664 0.7128095 0.7235884 0.7285320 0.7457540
[253] 0.7058308 0.6756208 0.6687688 0.6350005 0.7199048 0.7213338 0.7203813
[260] 0.7027225 0.7221117 0.6678498 0.7052791 0.6519797 0.7062503 0.7103597
[267] 0.6968486 0.6645604 0.5884938 0.7348216 0.7298015 0.7028851 0.7470114
[274] 0.7471784 0.6618889 0.7503157 0.7635661 0.7482341 0.7246455 0.5970843
[281]       NaN 0.6955867 0.7283525 0.6499216 0.6694911 0.6669585 0.6616821
[288] 0.6127877 0.6736398 0.6611979 0.7199565 0.6864614 0.5799524 0.6487934
[295] 0.6124042 0.7534356 0.6466434 0.6344591       NaN 0.7109456 0.6401219
[302] 0.6730902 0.7107013 0.7010475 0.7311594 0.6769697 0.7849464 0.6981151
[309] 0.7239720 0.6653484 0.6760742 0.6708472 0.7078724 0.6861759 0.7018860
[316] 0.6969291 0.7408609 0.6958448 0.7481525 0.6712073 0.7327389 0.7051914
[323] 0.6795975 0.7323298 0.6271978 0.7113236 0.6778060 0.6795718 0.6473066
[330] 0.7309006 0.7321196 0.6867636 0.7122693 0.6113773 0.7250791 0.7081678
[337] 0.7217162 0.6718722 0.5707957 0.7195243 0.6706368 0.6691034 0.7443556
[344] 0.7378340 0.7066780 0.6717729 0.7367572 0.6819828 0.7103421 0.7264644
[351] 0.6446372 0.6877403 0.6386389 0.6763965 0.7660618 0.7313359 0.6727076
[358] 0.6691301 0.6724313 0.6833008 0.6843395 0.7411100 0.7162635 0.7003391
[365] 0.7330357 0.7147907 0.7015626 0.6412899 0.7300160 0.6664950 0.6741207
[372] 0.6544782 0.7244440 0.6977716 0.7252837 0.6136270 0.7131768 0.6683168
[379] 0.6580471 0.5933121 0.5986183 0.6865409 0.7255118 0.6849548 0.7371026
[386] 0.6784234 0.6866355 0.7409869 0.6307108 0.6808197 0.6112511 0.6778812
[393] 0.7653636 0.5844934 0.6758505 0.7199511 0.6649420 0.7617784 0.6549080
[400] 0.7187804 0.7000084 0.6665037 0.7511757 0.7416709 0.6860632 0.6677640
[407] 0.7409833 0.7078002 0.6621794 0.5898517 0.7039479 0.6720331 0.6654492
[414] 0.6924644 0.7317045 0.6931978 0.7183514 0.6418727 0.6937982 0.7373960
[421] 0.6163584 0.6405175 0.6815491 0.6845865 0.5960354 0.6975327 0.7035407
[428] 0.7878523 0.7197754 0.7198758 0.7204883 0.6592649 0.6730834 0.6536091
[435] 0.7676248 0.6602353 0.7078712 0.6608247 0.6782706 0.6796940 0.7063800
[442] 0.7229053 0.6715429 0.6680594 0.7399872 0.6304613 0.7198533 0.6815474
[449] 0.7071517 0.6870339 0.6617532 0.6681126 0.6823929 0.6070672 0.6831974
[456] 0.6651588 0.7450997 0.6590942 0.7482089 0.7061362 0.6978083 0.6908078
[463] 0.6991189 0.6322690 0.6621972 0.7041104 0.6720750 0.7568020 0.7444263
[470] 0.6950781 0.7197416 0.6732226 0.7078241 0.7195682 0.7034639 0.5948236
[477] 0.7067956 0.6770934 0.7025160 0.7087068 0.6529301 0.5748864 0.6883551
[484] 0.7078994 0.6727561 0.7399296 0.6660712 0.7644560 0.6997546 0.6522467
[491] 0.6737929 0.6642628 0.6809344 0.6920841 0.6909360 0.6978081 0.7416300
[498] 0.7212275 0.7202299       NaN



$forest
$forest$rate
$forest$rate$pval
[1] 0.106

$forest$rate$teststat
[1] 0.8113049

$forest$rate$nulldist
  [1] 0.7964390 0.8031098 0.8019756 0.8035244 0.8007927 0.7938780 0.8044634
  [8] 0.8107439 0.8020610 0.8087561 0.7943293 0.8239878 0.8003780 0.7996585
 [15] 0.8053293 0.7985610 0.8002317 0.8096951 0.8012073 0.7973902 0.7987683
 [22] 0.8081707 0.8016341 0.8036463 0.8068780 0.7967073 0.8057927 0.7883293
 [29] 0.8047927 0.7943171 0.7999390 0.8010854 0.8096220 0.8025610 0.8051829
 [36] 0.8077317 0.8086220 0.8111829 0.8083415 0.8005122 0.7914024 0.8020000
 [43] 0.7958659 0.8030488 0.8138902 0.8032683 0.8009146 0.8064512 0.7976951
 [50] 0.8134512 0.8003902 0.8013659 0.8019390 0.7979634 0.8063902 0.8028171
 [57] 0.8116951 0.8063415 0.8012317 0.7971951 0.8080244 0.7944024 0.7964146
 [64] 0.8104878 0.8149390 0.7995732 0.7957683 0.8010976 0.7927317 0.8054390
 [71] 0.8185610 0.8065976 0.7986098 0.8156707 0.8050366 0.8038293 0.7963171
 [78] 0.7963415 0.8084878 0.8079024 0.8043537 0.8176341 0.7998537 0.8006341
 [85] 0.7958902 0.8067195 0.8030854 0.8003780 0.8058293 0.8177317 0.7987195
 [92] 0.8001707 0.7982805 0.7953659 0.7968902 0.8065122 0.7967317 0.7961951
 [99] 0.7957927 0.8164512 0.8171220 0.8072561 0.8045488 0.7997195 0.8093537
[106] 0.8026463 0.8076829 0.8066098 0.7992683 0.7994512 0.8134756 0.7962317
[113] 0.8008902 0.7943415 0.7973537 0.8086463 0.7986098 0.8014146 0.8038659
[120] 0.8115976 0.8150732 0.7996463 0.8005000 0.8008902 0.8175122 0.7987805
[127] 0.7976463 0.7953902 0.7955366 0.7987805 0.7952927 0.7923415 0.8002683
[134] 0.7973293 0.7929634 0.7916829 0.7929146 0.7958293 0.7981707 0.7960488
[141] 0.7910122 0.7969878 0.8212805 0.7965122 0.7976585 0.8037317 0.8089268
[148] 0.8025610 0.7992927 0.8077439 0.8038171 0.8081707 0.8050244 0.8017317
[155] 0.7967927 0.7979878 0.7965488 0.8014268 0.8230122 0.7925122 0.8080610
[162] 0.8003537 0.8099512 0.8032561 0.8045366 0.8056951 0.8158171 0.8036220
[169] 0.8155488 0.8004146 0.8055854 0.7997073 0.8020122 0.8143780 0.7995854
[176] 0.8129512 0.8034146 0.7989634 0.8122439 0.8027317 0.7953415 0.8010976
[183] 0.7993659 0.8004512 0.8022317 0.8048659 0.8149390 0.8051951 0.7989512
[190] 0.8053171 0.8023049 0.8048293 0.8050488 0.8125854 0.8059512 0.8070732
[197] 0.8083537 0.8029512 0.8078659 0.7986951 0.8022073 0.8061341 0.8109146
[204] 0.7985366 0.8052073 0.7995122 0.8085122 0.7907317 0.8072927 0.8041829
[211] 0.8048780 0.8197683 0.7982195 0.7971098 0.8123659 0.8051585 0.8215122
[218] 0.7962195 0.8000976 0.7897195 0.7983049 0.8061585 0.7966707 0.8073659
[225] 0.8133780 0.7997073 0.7989268 0.8013415 0.8006463 0.8055610 0.7964878
[232] 0.8032317 0.8102683 0.8045610 0.8095488 0.8065854 0.8080854 0.8098537
[239] 0.7978780 0.8057927 0.7954512 0.8091463 0.8062683 0.7991829 0.7927561
[246] 0.8086098 0.7961463 0.7999756 0.8066829 0.8074756 0.8022805 0.8018415
[253] 0.8009390 0.8123659 0.7963415 0.7982195 0.8021098 0.7993902 0.8088049
[260] 0.7969756 0.8082195 0.8072317 0.7977073 0.7951829 0.8040976 0.8063415
[267] 0.8052927 0.8014512 0.7979024 0.8052195 0.8022073 0.7955976 0.8026463
[274] 0.8115854 0.7999390 0.8075854 0.7952927 0.8073902 0.8016220 0.7980610
[281] 0.7900244 0.7972195 0.7998415 0.8099878 0.8095488 0.8085732 0.8016951
[288] 0.7975732 0.8022439 0.8055610 0.7931829 0.8028780 0.8044634 0.8071585
[295] 0.8043537 0.8048049 0.8007927 0.7998049 0.7941220 0.8034756 0.8055976
[302] 0.8183659 0.8027561 0.8054268 0.8122439 0.8000000 0.8041220 0.7982805
[309] 0.8031951 0.7993537 0.7879756 0.8073902 0.7991463 0.8086463 0.8073780
[316] 0.7965854 0.7950244 0.7944146 0.8128537 0.7946585 0.7882195 0.8076463
[323] 0.8002805 0.7987317 0.7986463 0.8103293 0.8002805 0.7982561 0.8077927
[330] 0.7983049 0.8173171 0.7985854 0.7968902 0.8132683 0.8002927 0.8061098
[337] 0.8135732 0.8130610 0.8100732 0.7997805 0.7950976 0.8059146 0.8099390
[344] 0.8067561 0.7996585 0.8095854 0.8050488 0.8054878 0.8047683 0.8003293
[351] 0.7958049 0.8148537 0.8069878 0.7990000 0.7983902 0.8108780 0.8156463
[358] 0.7907805 0.8004878 0.7903415 0.8045122 0.8000000 0.8010854 0.7986220
[365] 0.8105732 0.8051829 0.8067561 0.7988415 0.8023415 0.7977927 0.8042195
[372] 0.8045122 0.8066341 0.7902073 0.8023293 0.8062317 0.8038780 0.8028415
[379] 0.8061829 0.8037805 0.8137195 0.8042683 0.7943780 0.8132195 0.7985122
[386] 0.7950610 0.8070366 0.8111707 0.7996220 0.8074390 0.8042683 0.8014756
[393] 0.8045000 0.8060244 0.7909268 0.7980976 0.8178659 0.8027073 0.7952439
[400] 0.7980854 0.8035244 0.7985732 0.7976951 0.8047561 0.8000732 0.7980244
[407] 0.8191707 0.8061585 0.7937683 0.8003902 0.8129878 0.8067683 0.7885610
[414] 0.8100854 0.8020976 0.8128659 0.8143659 0.8055732 0.8013780 0.8019390
[421] 0.8074390 0.8014268 0.8056463 0.8063415 0.8026829 0.7983293 0.8072683
[428] 0.8055732 0.7958049 0.8029634 0.8087317 0.8026341 0.7916220 0.7923415
[435] 0.7981707 0.8006829 0.8113171 0.8126707 0.7941341 0.8014268 0.8004756
[442] 0.7857561 0.8052805 0.8077439 0.8142561 0.8037927 0.7902195 0.7999390
[449] 0.8002561 0.8097439 0.7987317 0.8075976 0.7929024 0.8159268 0.7985122
[456] 0.8015366 0.8088293 0.7990610 0.7985366 0.8128049 0.7990976 0.7890976
[463] 0.7990732 0.7995122 0.8056341 0.8034634 0.8009878 0.8010610 0.8004878
[470] 0.7900610 0.7983415 0.7881220 0.8060122 0.8066463 0.8038293 0.8089878
[477] 0.7973537 0.8034634 0.8004512 0.8070732 0.7949390 0.8008537 0.7950244
[484] 0.8009878 0.8060488 0.8031463 0.8094634 0.7980122 0.8004634 0.8128171
[491] 0.7942073 0.8156220 0.7965732 0.8015488 0.8026341 0.8037805 0.8033049
[498] 0.8095488 0.7974512 0.8044756


$forest$mse
$forest$mse$pval
[1] 0.114

$forest$mse$teststat
[1] -0.03969612

$forest$mse$nulldist
  [1] -0.04412822 -0.03815380 -0.03895671 -0.04062076 -0.04032471 -0.04296412
  [7] -0.04428912 -0.04087185 -0.03721624 -0.04617700 -0.03963427 -0.04268007
 [13] -0.04674888 -0.04069712 -0.04284300 -0.04038383 -0.04430434 -0.04109349
 [19] -0.04018471 -0.04349880 -0.04602820 -0.04511771 -0.04325210 -0.04323702
 [25] -0.04136839 -0.03917146 -0.04294393 -0.03869359 -0.04162061 -0.04462285
 [31] -0.04132585 -0.04278398 -0.04549849 -0.04052873 -0.04169790 -0.04449656
 [37] -0.04282324 -0.04514751 -0.04422859 -0.03706307 -0.04356571 -0.04664595
 [43] -0.04059878 -0.04113556 -0.03876302 -0.04538283 -0.04492200 -0.04383466
 [49] -0.04405988 -0.04535820 -0.04276137 -0.04824422 -0.04295456 -0.04485383
 [55] -0.04457205 -0.04371307 -0.04227910 -0.03731427 -0.04169922 -0.04556129
 [61] -0.03871729 -0.04344615 -0.04116805 -0.04166398 -0.04405912 -0.04269507
 [67] -0.04222646 -0.03969217 -0.04385934 -0.04279780 -0.04312646 -0.04303054
 [73] -0.04310329 -0.04577246 -0.04350578 -0.04370883 -0.04149222 -0.04253195
 [79] -0.04312993 -0.04273622 -0.04174700 -0.04383161 -0.04159224 -0.04439800
 [85] -0.04231571 -0.03912798 -0.04290659 -0.04562839 -0.04639307 -0.04071507
 [91] -0.04284729 -0.04003576 -0.04101727 -0.04247890 -0.04436144 -0.04063424
 [97] -0.04237598 -0.04628393 -0.04237700 -0.03674083 -0.04327344 -0.04564090
[103] -0.04067759 -0.04248776 -0.04211427 -0.04420995 -0.04249593 -0.04738498
[109] -0.04294673 -0.04291495 -0.04329483 -0.04281883 -0.04196944 -0.04150905
[115] -0.04337202 -0.04356610 -0.04441127 -0.04139346 -0.03716310 -0.04490429
[121] -0.04342951 -0.04124398 -0.04150917 -0.04132700 -0.04016802 -0.04518271
[127] -0.04427766 -0.04257273 -0.04013785 -0.04095120 -0.04090022 -0.04083627
[133] -0.04260151 -0.04184488 -0.04503902 -0.04183180 -0.04272844 -0.04402229
[139] -0.04309990 -0.04125124 -0.04187049 -0.04520756 -0.04450693 -0.03923420
[145] -0.04251498 -0.04146717 -0.04093654 -0.04167202 -0.04384883 -0.04576212
[151] -0.04262446 -0.04459302 -0.04566246 -0.04483615 -0.04351688 -0.04224822
[157] -0.04648863 -0.04966349 -0.04219395 -0.04021459 -0.04150329 -0.04541778
[163] -0.03977346 -0.04336246 -0.04066532 -0.04361622 -0.04009627 -0.04730090
[169] -0.04312120 -0.04619412 -0.04357105 -0.03947873 -0.04266463 -0.03909263
[175] -0.04586485 -0.04294366 -0.04515144 -0.04032588 -0.04305927 -0.04020507
[181] -0.04520327 -0.04029066 -0.04566124 -0.04017766 -0.04469661 -0.04123402
[187] -0.04292705 -0.04385807 -0.04241137 -0.03993661 -0.04541183 -0.04388380
[193] -0.04248907 -0.04191541 -0.04400676 -0.03745585 -0.04192998 -0.03796473
[199] -0.04339198 -0.04260607 -0.04014090 -0.04157766 -0.04556398 -0.04043173
[205] -0.03949900 -0.03847895 -0.04343588 -0.03968205 -0.04304293 -0.04302444
[211] -0.04010427 -0.04390320 -0.03947876 -0.04431929 -0.04250890 -0.03613200
[217] -0.04324173 -0.04116817 -0.04184820 -0.04710417 -0.03985334 -0.04183520
[223] -0.04325261 -0.04504666 -0.04141732 -0.04306332 -0.04107988 -0.03919585
[229] -0.04374946 -0.04333541 -0.04052356 -0.04678327 -0.04375054 -0.04280988
[235] -0.04435322 -0.04381090 -0.04456478 -0.04235159 -0.04419768 -0.03980166
[241] -0.03561844 -0.03774902 -0.04234776 -0.04301112 -0.04270115 -0.04376571
[247] -0.04473071 -0.04123137 -0.04027356 -0.04292990 -0.04163410 -0.03740061
[253] -0.04306320 -0.04172744 -0.04257068 -0.04116985 -0.04181812 -0.04419034
[259] -0.04004351 -0.04349602 -0.04139383 -0.04446707 -0.04418778 -0.04541937
[265] -0.04168549 -0.04022646 -0.04008878 -0.04233295 -0.03948973 -0.04506900
[271] -0.04273124 -0.04037541 -0.04665485 -0.04116678 -0.04430624 -0.04053407
[277] -0.04146554 -0.03852166 -0.04401398 -0.04164698 -0.04311617 -0.03925388
[283] -0.04596529 -0.03879980 -0.04244705 -0.03829666 -0.04125585 -0.04224105
[289] -0.04285146 -0.04121729 -0.04166822 -0.04485459 -0.03967693 -0.04359012
[295] -0.04194254 -0.04498302 -0.04281680 -0.04055607 -0.03877110 -0.04615827
[301] -0.04494707 -0.04363861 -0.04274478 -0.04479937 -0.04025166 -0.04186041
[307] -0.04190610 -0.04204954 -0.03753444 -0.04228646 -0.04532554 -0.04165846
[313] -0.04645376 -0.04425180 -0.04484276 -0.04379059 -0.04195129 -0.04420341
[319] -0.04133517 -0.04152922 -0.04380224 -0.03971183 -0.04184795 -0.04692300
[325] -0.04107178 -0.04363315 -0.04178466 -0.04471637 -0.04193585 -0.04214800
[331] -0.04112622 -0.03839424 -0.04492566 -0.04147876 -0.04250361 -0.04430673
[337] -0.04155427 -0.04384893 -0.04164827 -0.04403344 -0.04227234 -0.04284663
[343] -0.04393120 -0.04298780 -0.04001924 -0.04566959 -0.04040812 -0.04015627
[349] -0.04465356 -0.04093563 -0.04236959 -0.04346393 -0.04270951 -0.04235549
[355] -0.04235446 -0.04312539 -0.04356151 -0.04077844 -0.04570098 -0.03955873
[361] -0.03691127 -0.04754980 -0.04183259 -0.04055061 -0.04334498 -0.04307378
[367] -0.04333083 -0.04444593 -0.03587783 -0.03869885 -0.04431073 -0.04253902
[373] -0.03960873 -0.04332351 -0.03713293 -0.04433407 -0.03938266 -0.04338551
[379] -0.04521968 -0.04480885 -0.04135963 -0.03913915 -0.04215502 -0.04359780
[385] -0.04276359 -0.04522946 -0.04280085 -0.03878959 -0.04539627 -0.04445424
[391] -0.03970627 -0.04365734 -0.04361498 -0.03948912 -0.04385090 -0.04314998
[397] -0.04635129 -0.04496468 -0.04009141 -0.04484500 -0.04512741 -0.04309876
[403] -0.04433337 -0.04401224 -0.03997495 -0.04208137 -0.04445237 -0.04300144
[409] -0.03664422 -0.04041134 -0.04063629 -0.04212734 -0.04284188 -0.04378312
[415] -0.04158893 -0.04393963 -0.04315115 -0.04422888 -0.04103659 -0.04090883
[421] -0.04125346 -0.04330212 -0.04249351 -0.04475044 -0.04238302 -0.04286571
[427] -0.04246895 -0.04232276 -0.04431283 -0.04184785 -0.04563220 -0.03389749
[433] -0.04380320 -0.03909534 -0.04353034 -0.04453434 -0.04090512 -0.03932173
[439] -0.04373344 -0.04334068 -0.04002151 -0.04647071 -0.04472912 -0.04003176
[445] -0.04230524 -0.04491541 -0.04368339 -0.04456183 -0.04406022 -0.04317622
[451] -0.03879307 -0.04621280 -0.04353371 -0.04260746 -0.04548571 -0.04118632
[457] -0.04546620 -0.04753305 -0.04568534 -0.04066749 -0.04272783 -0.04095671
[463] -0.04292239 -0.04367568 -0.04141712 -0.04078032 -0.04313583 -0.04091700
[469] -0.04387459 -0.03905624 -0.03978612 -0.03955266 -0.04168712 -0.04541215
[475] -0.04358134 -0.04217824 -0.04474524 -0.04186805 -0.04252212 -0.04183866
[481] -0.04239993 -0.04379622 -0.04551159 -0.04441776 -0.03744959 -0.04333105
[487] -0.04161373 -0.04438912 -0.04553980 -0.03930454 -0.04115951 -0.04437129
[493] -0.04114937 -0.03604354 -0.04287024 -0.04030556 -0.04349273 -0.04209212
[499] -0.04213539 -0.04287012


$forest$probability
$forest$probability$pval
[1] 0.074

$forest$probability$teststat
[1] 0.811439

$forest$probability$nulldist
  [1] 0.7922683 0.8064390 0.7924756 0.8030244 0.8142317 0.7999634 0.7960976
  [8] 0.8071098 0.8065610 0.8065732 0.8195000 0.8089024 0.8058171 0.7988171
 [15] 0.7988049 0.7974268 0.7981463 0.7987073 0.7976098 0.7961951 0.8007073
 [22] 0.8094878 0.8029146 0.7963537 0.8052683 0.7928049 0.7942927 0.7863537
 [29] 0.8102805 0.7931341 0.8015488 0.7950122 0.8101951 0.8031951 0.7910244
 [36] 0.7980854 0.8102073 0.8078659 0.8028293 0.7957317 0.8075122 0.8111341
 [43] 0.8023902 0.8119878 0.7969268 0.7996951 0.8055610 0.8069390 0.7964024
 [50] 0.8093293 0.8031463 0.7940000 0.8003171 0.8176829 0.8002073 0.8002439
 [57] 0.8121707 0.8077683 0.7977439 0.7975122 0.7990488 0.8032561 0.8011098
 [64] 0.7968415 0.8005122 0.8020000 0.8025488 0.8088537 0.8115976 0.7927683
 [71] 0.8044756 0.7987805 0.8025122 0.8112439 0.8097317 0.7960610 0.7923537
 [78] 0.8034146 0.7928293 0.8035976 0.8082805 0.7975488 0.7988659 0.8035366
 [85] 0.7989756 0.8002439 0.8059024 0.8017805 0.7973659 0.7929634 0.7936585
 [92] 0.8108659 0.8060366 0.7965854 0.7898415 0.8045244 0.7998415 0.7988293
 [99] 0.8026098 0.8022439 0.7970366 0.8059756 0.8128537 0.8086341 0.7946341
[106] 0.8035732 0.7904024 0.7934634 0.8093049 0.7963171 0.8011341 0.7995244
[113] 0.8136707 0.8065610 0.8104024 0.8132683 0.8106951 0.8077439 0.7895244
[120] 0.7880732 0.7972439 0.8056341 0.7949878 0.8079756 0.7933415 0.8024878
[127] 0.8150000 0.8031829 0.7953537 0.7966585 0.7981341 0.8015732 0.8034390
[134] 0.8011341 0.8030610 0.7967927 0.7999024 0.8020366 0.8110976 0.7827195
[141] 0.7982683 0.8115488 0.8017073 0.8078902 0.7976341 0.7961341 0.8052927
[148] 0.7970610 0.8073171 0.8032195 0.7988049 0.8016098 0.7969146 0.7982561
[155] 0.8119024 0.7920976 0.8060244 0.8040000 0.8011829 0.7965610 0.8040976
[162] 0.8088171 0.8025366 0.8121098 0.7991951 0.7987561 0.8051707 0.7992439
[169] 0.8100488 0.7889634 0.8027317 0.8015366 0.8109756 0.7977683 0.7962073
[176] 0.7975000 0.7899878 0.7976220 0.8052439 0.8027073 0.8105122 0.8037439
[183] 0.8017927 0.8109146 0.7973537 0.8040366 0.8147439 0.8109512 0.8116707
[190] 0.8057439 0.7977561 0.8009390 0.7983780 0.8012561 0.7965854 0.8005732
[197] 0.7973537 0.7900976 0.7947195 0.8005000 0.8105000 0.7954390 0.8066951
[204] 0.7946707 0.8024390 0.8164024 0.8076951 0.7965366 0.8133293 0.7980122
[211] 0.8039756 0.8042683 0.8067195 0.8014878 0.8017195 0.8075976 0.8064878
[218] 0.8025976 0.7965000 0.8022805 0.8070732 0.8129146 0.8074146 0.8062073
[225] 0.7988780 0.8018659 0.8026829 0.7903171 0.8008902 0.8018415 0.8077439
[232] 0.8070244 0.8025732 0.7967317 0.8059512 0.8058049 0.7931829 0.7981829
[239] 0.8004756 0.7958902 0.8020976 0.7938537 0.8070488 0.7959756 0.7978902
[246] 0.7997927 0.8087439 0.8028537 0.8076341 0.8001098 0.7985610 0.7966951
[253] 0.7950122 0.7960122 0.8072805 0.8044268 0.8067805 0.7902561 0.7959390
[260] 0.8048293 0.8073171 0.8134634 0.7947561 0.7858780 0.8066829 0.8005122
[267] 0.8039878 0.8053415 0.7991341 0.7902927 0.8079634 0.8063780 0.8035122
[274] 0.8001341 0.8088415 0.7956829 0.8041585 0.8064634 0.8045000 0.7894268
[281] 0.7893049 0.8056341 0.8137805 0.8087805 0.7973659 0.8081098 0.7897317
[288] 0.7978049 0.7940244 0.8002561 0.7884634 0.8015366 0.7935610 0.7995366
[295] 0.7976829 0.8102073 0.7957805 0.7983537 0.8071707 0.8070000 0.8034268
[302] 0.7998537 0.7994268 0.7887561 0.8035122 0.7945610 0.8024512 0.8000976
[309] 0.8077073 0.8001585 0.8028049 0.8093902 0.8069512 0.7972195 0.8065488
[316] 0.8006463 0.8141463 0.8057195 0.8035122 0.8042317 0.7995488 0.8111951
[323] 0.8128171 0.7989268 0.8008659 0.8039756 0.8035610 0.8025366 0.7933049
[330] 0.7943415 0.8079024 0.8046463 0.8026707 0.7889634 0.7986220 0.8018659
[337] 0.7938537 0.8040000 0.8019512 0.8090488 0.8070610 0.8049390 0.8028293
[344] 0.8017317 0.8011341 0.7925000 0.8071829 0.8064512 0.8034634 0.8103902
[351] 0.7944634 0.8004634 0.7916463 0.8011585 0.7994146 0.8033415 0.8047561
[358] 0.8000244 0.8019024 0.8052927 0.7928902 0.8054756 0.7994512 0.8030976
[365] 0.8051829 0.8051829 0.7972195 0.8121220 0.8030244 0.8033902 0.8103049
[372] 0.7918780 0.7983293 0.7993537 0.8038049 0.7958902 0.7993171 0.8084756
[379] 0.8113415 0.8177927 0.8078902 0.8082073 0.8011098 0.8021220 0.7985732
[386] 0.7994390 0.8023293 0.8039878 0.7993659 0.7974756 0.7988902 0.8064024
[393] 0.7892195 0.8067317 0.7960610 0.8037805 0.8013415 0.8085244 0.8021707
[400] 0.8035122 0.8100000 0.7882683 0.8006829 0.8064512 0.8056707 0.8063902
[407] 0.8039268 0.8023415 0.7986220 0.8011707 0.8092317 0.8048171 0.7978171
[414] 0.8074756 0.8066341 0.8008415 0.7968780 0.8073171 0.8070366 0.8093902
[421] 0.8118537 0.8014878 0.8079024 0.8032927 0.7989390 0.8013537 0.7973293
[428] 0.7981098 0.8082805 0.7969756 0.8142805 0.7982805 0.7976341 0.8087439
[435] 0.7995610 0.8047439 0.8103537 0.8006220 0.8082683 0.8038659 0.8077805
[442] 0.8117317 0.8035854 0.8115122 0.8093293 0.7936098 0.7986463 0.8101098
[449] 0.8030366 0.8046585 0.8100976 0.7914512 0.8039756 0.8095244 0.8028902
[456] 0.8069878 0.7985976 0.8204268 0.7929878 0.8122805 0.8034756 0.8068415
[463] 0.8057805 0.8212439 0.8057439 0.7917927 0.8125732 0.8144390 0.8008902
[470] 0.8123659 0.8057927 0.8125366 0.8134146 0.8028537 0.7989268 0.8103415
[477] 0.8007683 0.8019268 0.7982561 0.8108659 0.8003049 0.8023780 0.7968171
[484] 0.7935610 0.8034634 0.8046829 0.7982927 0.8051707 0.8016220 0.8046707
[491] 0.7905000 0.8125000 0.7952805 0.8066707 0.7990366 0.8067561 0.7970488
[498] 0.8042439 0.8060244 0.7950732



$energy

	Multivariate 2-sample E-test of equal distributions

data:  sample sizes 78 86, replicates 999
E-statistic = 4821.5, p-value = 0.877


$crossmatch
$crossmatch$a1
[1] 44

$crossmatch$Ea1
[1] 41.15337

$crossmatch$Va1
[1] 20.52729

$crossmatch$dev
[1] 0.6282964

$crossmatch$pval
[1] 0.8034189

$crossmatch$approxpval
[1] 0.7350951


> 
> cat("Energy test P-value: ", analysis$energy$p.value,"\n")
Energy test P-value:  0.877 
> cat("Crossmatch test P-value: ", analysis$crossmatch$approxpval,"\n")
Crossmatch test P-value:  0.7350951 
> 
> ########################################
> # CPT figures:
> ########################################
> 
> ### Random Forest
> 
> teststat.obs <- analysis$forest$rate$teststat 
> teststat.null <- analysis$forest$rate$nulldist
> 
> range = c(min(teststat.obs,teststat.null),max(teststat.obs,teststat.null))
> fig<-ggplot(data.frame(statistic.null=teststat.null),aes(x=statistic.null))+
+   xlim(range)+
+   geom_histogram(
+     fill="grey",
+     breaks=seq(range[1],range[2],length=20)
+   )+
+   theme_bw()+
+   theme(panel.border = element_blank(),axis.line = element_line(colour = "black"))+
+   labs(
+     #title="Classifier: Random forest",
+     title="",
+     x="\n Test statistic under the null",
+     y="\n Frequency"
+   )
> 
> # add the observed test statistic:
> pdf("MPs_dist_null.pdf")
> fig + geom_vline(xintercept=teststat.obs,lty=1,col="black",size=1)+
+   annotate("text", x = .82, y = 75, label = "Observed test statistic",col="black", size = 4)+
+   annotate("text", x = .82, y = 70, label = paste("P-value: ",analysis$forest$rate$pval),col="black", size = 4)
> dev.off()
null device 
          1 
> 
> ### logistic regression with all two way interactions:
> 
> #checking the model works:
> summary(glm(tr~(.)^2,data=as.data.frame(Z),family=binomial(link="logit")))

Call:
glm(formula = tr ~ (.)^2, family = binomial(link = "logit"), 
    data = as.data.frame(Z))

Deviance Residuals: 
    Min       1Q   Median       3Q      Max  
-2.4612  -0.4844   0.0000   0.4111   1.7930  

Coefficients: (14 not defined because of singularities)
                                                        Estimate Std. Error
(Intercept)                                           -4.103e+04  2.624e+04
xxfemale                                               5.238e+02  6.143e+06
xxyob                                                  2.266e+01  1.348e+01
xxyod                                                  1.763e+01  1.279e+01
wobl_race_effective_number_of_ca                      -3.292e+02  4.749e+02
wobl_race_electorate                                  -2.921e-02  1.581e-02
wobl_race_turnout                                      6.883e+03  3.924e+03
prev_attempts                                          1.244e+02  1.802e+02
xxoc_local_politics                                    4.653e+02  3.006e+02
xxoc_civil_serv                                       -2.239e+04  2.129e+07
xxoc_business                                         -1.827e+02  3.116e+02
xxoc_white_collar                                      1.022e+04  3.432e+06
xxoc_journalist                                       -8.386e+00  1.602e+03
xxfemale:xxyob                                         6.982e-01  1.679e+03
xxfemale:xxyod                                        -8.677e-01  2.607e+03
xxfemale:wobl_race_effective_number_of_ca              5.219e+01  1.194e+05
xxfemale:wobl_race_electorate                         -1.906e-04  2.537e+00
xxfemale:wobl_race_turnout                            -2.647e+02  4.227e+05
xxfemale:prev_attempts                                -1.564e+01  2.895e+04
xxfemale:xxoc_local_politics                                  NA         NA
xxfemale:xxoc_civil_serv                                      NA         NA
xxfemale:xxoc_business                                        NA         NA
xxfemale:xxoc_white_collar                                    NA         NA
xxfemale:xxoc_journalist                                      NA         NA
xxyob:xxyod                                           -9.886e-03  6.570e-03
xxyob:wobl_race_effective_number_of_ca                -1.932e-01  1.498e-01
xxyob:wobl_race_electorate                            -5.926e-06  4.860e-06
xxyob:wobl_race_turnout                               -2.629e+00  1.287e+00
xxyob:prev_attempts                                   -1.118e-01  6.272e-02
xxyob:xxoc_local_politics                              3.067e-01  2.066e-01
xxyob:xxoc_civil_serv                                  1.064e+01  9.412e+03
xxyob:xxoc_business                                    5.270e-01  2.626e-01
xxyob:xxoc_white_collar                                2.259e-01  6.031e+02
xxyob:xxoc_journalist                                  6.976e-01  6.416e-01
xxyod:wobl_race_effective_number_of_ca                 3.836e-01  2.165e-01
xxyod:wobl_race_electorate                             2.059e-05  7.972e-06
xxyod:wobl_race_turnout                               -7.479e-01  1.303e+00
xxyod:prev_attempts                                    5.669e-02  8.089e-02
xxyod:xxoc_local_politics                             -4.852e-01  2.760e-01
xxyod:xxoc_civil_serv                                  1.004e+00  2.772e+03
xxyod:xxoc_business                                   -3.815e-01  2.486e-01
xxyod:xxoc_white_collar                               -4.299e+00  1.210e+03
xxyod:xxoc_journalist                                 -7.064e-01  5.175e-01
wobl_race_effective_number_of_ca:wobl_race_electorate  2.693e-04  1.310e-04
wobl_race_effective_number_of_ca:wobl_race_turnout    -1.002e+02  4.396e+01
wobl_race_effective_number_of_ca:prev_attempts         5.303e+00  2.253e+00
wobl_race_effective_number_of_ca:xxoc_local_politics  -8.359e+00  4.530e+00
wobl_race_effective_number_of_ca:xxoc_civil_serv              NA         NA
wobl_race_effective_number_of_ca:xxoc_business         6.542e+00  7.019e+00
wobl_race_effective_number_of_ca:xxoc_white_collar    -5.914e+02  4.796e+04
wobl_race_effective_number_of_ca:xxoc_journalist       3.371e-02  1.416e+01
wobl_race_electorate:wobl_race_turnout                -1.465e-03  1.150e-03
wobl_race_electorate:prev_attempts                     6.086e-05  6.437e-05
wobl_race_electorate:xxoc_local_politics               9.001e-05  1.147e-04
wobl_race_electorate:xxoc_civil_serv                          NA         NA
wobl_race_electorate:xxoc_business                    -8.530e-05  1.398e-04
wobl_race_electorate:xxoc_white_collar                -1.009e-03  7.659e-01
wobl_race_electorate:xxoc_journalist                   3.416e-05  2.565e-04
wobl_race_turnout:prev_attempts                       -4.692e+01  1.760e+01
wobl_race_turnout:xxoc_local_politics                 -8.748e+01  3.789e+01
wobl_race_turnout:xxoc_civil_serv                             NA         NA
wobl_race_turnout:xxoc_business                       -8.821e+01  4.232e+01
wobl_race_turnout:xxoc_white_collar                   -1.064e+03  1.300e+05
wobl_race_turnout:xxoc_journalist                      8.222e+01  5.351e+01
prev_attempts:xxoc_local_politics                      1.247e+00  1.418e+00
prev_attempts:xxoc_civil_serv                                 NA         NA
prev_attempts:xxoc_business                           -5.555e+00  3.766e+00
prev_attempts:xxoc_white_collar                        1.055e+02  9.231e+03
prev_attempts:xxoc_journalist                          6.383e+00  1.003e+01
xxoc_local_politics:xxoc_civil_serv                           NA         NA
xxoc_local_politics:xxoc_business                     -8.015e+00  4.367e+00
xxoc_local_politics:xxoc_white_collar                 -7.977e+01  1.205e+04
xxoc_local_politics:xxoc_journalist                   -1.270e+01  1.552e+01
xxoc_civil_serv:xxoc_business                                 NA         NA
xxoc_civil_serv:xxoc_white_collar                             NA         NA
xxoc_civil_serv:xxoc_journalist                               NA         NA
xxoc_business:xxoc_white_collar                        3.291e+02  2.807e+04
xxoc_business:xxoc_journalist                                 NA         NA
xxoc_white_collar:xxoc_journalist                     -1.259e+02  3.615e+04
                                                      z value Pr(>|z|)   
(Intercept)                                            -1.564  0.11782   
xxfemale                                                0.000  0.99993   
xxyob                                                   1.680  0.09292 . 
xxyod                                                   1.378  0.16821   
wobl_race_effective_number_of_ca                       -0.693  0.48818   
wobl_race_electorate                                   -1.847  0.06469 . 
wobl_race_turnout                                       1.754  0.07940 . 
prev_attempts                                           0.690  0.49010   
xxoc_local_politics                                     1.548  0.12158   
xxoc_civil_serv                                        -0.001  0.99916   
xxoc_business                                          -0.586  0.55766   
xxoc_white_collar                                       0.003  0.99762   
xxoc_journalist                                        -0.005  0.99582   
xxfemale:xxyob                                          0.000  0.99967   
xxfemale:xxyod                                          0.000  0.99973   
xxfemale:wobl_race_effective_number_of_ca               0.000  0.99965   
xxfemale:wobl_race_electorate                           0.000  0.99994   
xxfemale:wobl_race_turnout                             -0.001  0.99950   
xxfemale:prev_attempts                                 -0.001  0.99957   
xxfemale:xxoc_local_politics                               NA       NA   
xxfemale:xxoc_civil_serv                                   NA       NA   
xxfemale:xxoc_business                                     NA       NA   
xxfemale:xxoc_white_collar                                 NA       NA   
xxfemale:xxoc_journalist                                   NA       NA   
xxyob:xxyod                                            -1.505  0.13242   
xxyob:wobl_race_effective_number_of_ca                 -1.290  0.19720   
xxyob:wobl_race_electorate                             -1.219  0.22270   
xxyob:wobl_race_turnout                                -2.042  0.04116 * 
xxyob:prev_attempts                                    -1.782  0.07473 . 
xxyob:xxoc_local_politics                               1.484  0.13774   
xxyob:xxoc_civil_serv                                   0.001  0.99910   
xxyob:xxoc_business                                     2.007  0.04475 * 
xxyob:xxoc_white_collar                                 0.000  0.99970   
xxyob:xxoc_journalist                                   1.087  0.27686   
xxyod:wobl_race_effective_number_of_ca                  1.772  0.07638 . 
xxyod:wobl_race_electorate                              2.582  0.00981 **
xxyod:wobl_race_turnout                                -0.574  0.56601   
xxyod:prev_attempts                                     0.701  0.48338   
xxyod:xxoc_local_politics                              -1.758  0.07881 . 
xxyod:xxoc_civil_serv                                   0.000  0.99971   
xxyod:xxoc_business                                    -1.535  0.12482   
xxyod:xxoc_white_collar                                -0.004  0.99717   
xxyod:xxoc_journalist                                  -1.365  0.17223   
wobl_race_effective_number_of_ca:wobl_race_electorate   2.056  0.03982 * 
wobl_race_effective_number_of_ca:wobl_race_turnout     -2.280  0.02260 * 
wobl_race_effective_number_of_ca:prev_attempts          2.353  0.01862 * 
wobl_race_effective_number_of_ca:xxoc_local_politics   -1.845  0.06501 . 
wobl_race_effective_number_of_ca:xxoc_civil_serv           NA       NA   
wobl_race_effective_number_of_ca:xxoc_business          0.932  0.35129   
wobl_race_effective_number_of_ca:xxoc_white_collar     -0.012  0.99016   
wobl_race_effective_number_of_ca:xxoc_journalist        0.002  0.99810   
wobl_race_electorate:wobl_race_turnout                 -1.274  0.20254   
wobl_race_electorate:prev_attempts                      0.945  0.34443   
wobl_race_electorate:xxoc_local_politics                0.785  0.43257   
wobl_race_electorate:xxoc_civil_serv                       NA       NA   
wobl_race_electorate:xxoc_business                     -0.610  0.54178   
wobl_race_electorate:xxoc_white_collar                 -0.001  0.99895   
wobl_race_electorate:xxoc_journalist                    0.133  0.89405   
wobl_race_turnout:prev_attempts                        -2.667  0.00766 **
wobl_race_turnout:xxoc_local_politics                  -2.309  0.02095 * 
wobl_race_turnout:xxoc_civil_serv                          NA       NA   
wobl_race_turnout:xxoc_business                        -2.084  0.03715 * 
wobl_race_turnout:xxoc_white_collar                    -0.008  0.99347   
wobl_race_turnout:xxoc_journalist                       1.537  0.12440   
prev_attempts:xxoc_local_politics                       0.879  0.37922   
prev_attempts:xxoc_civil_serv                              NA       NA   
prev_attempts:xxoc_business                            -1.475  0.14024   
prev_attempts:xxoc_white_collar                         0.011  0.99088   
prev_attempts:xxoc_journalist                           0.636  0.52452   
xxoc_local_politics:xxoc_civil_serv                        NA       NA   
xxoc_local_politics:xxoc_business                      -1.835  0.06647 . 
xxoc_local_politics:xxoc_white_collar                  -0.007  0.99472   
xxoc_local_politics:xxoc_journalist                    -0.818  0.41330   
xxoc_civil_serv:xxoc_business                              NA       NA   
xxoc_civil_serv:xxoc_white_collar                          NA       NA   
xxoc_civil_serv:xxoc_journalist                            NA       NA   
xxoc_business:xxoc_white_collar                         0.012  0.99065   
xxoc_business:xxoc_journalist                              NA       NA   
xxoc_white_collar:xxoc_journalist                      -0.003  0.99722   
---
Signif. codes:  0 ‘***’ 0.001 ‘**’ 0.01 ‘*’ 0.05 ‘.’ 0.1 ‘ ’ 1

(Dispersion parameter for binomial family taken to be 1)

    Null deviance: 226.96  on 163  degrees of freedom
Residual deviance: 105.71  on  99  degrees of freedom
AIC: 235.71

Number of Fisher Scoring iterations: 20

Warning message:
glm.fit: fitted probabilities numerically 0 or 1 occurred 
> 
> 
> ########################################
> # Density imbalance
> ########################################
> 
> d.labour <-cpt.MPs$rawdata[cpt.MPs$rawdata$labour==1,] 
> d.nonlabour <-cpt.MPs$rawdata[cpt.MPs$rawdata$labour==0,]
> 
> DCdensity(cpt.MPs$rawdata$wobl_margin, plot=FALSE)
[1] 0.02886689
> DCdensity(d.labour$wobl_margin, plot=FALSE)
[1] 0.2270794
> DCdensity(d.nonlabour$wobl_margin, plot=FALSE)
[1] 0.0004196121
> 
> pdf("hist_all.pdf")
> ggplot(cpt.MPs$rawdata, aes(x=wobl_margin))+
+   geom_histogram(fill="gray")+
+   theme_bw()+
+   theme(panel.border = element_blank(),axis.line = element_line(colour = "black"))+
+   labs(
+     title="All parties",
+     x="\n Winning margin",
+     y="\n Frequency"
+   )+
+   ylim(c(0,50))+
+   geom_vline(xintercept = 0, col="black",lwd=1)+
+   annotate("text", x = -0.33, y = 50, 
+            label = paste("McCrary test P-value:",round(DCdensity(cpt.MPs$rawdata$wobl_margin, plot=FALSE), dig=3)),
+            col="black")
`stat_bin()` using `bins = 30`. Pick better value with `binwidth`.
> dev.off()
null device 
          1 
> 
> pdf("hist_labour.pdf")
> ggplot(d.labour,aes(x=wobl_margin))+
+   geom_histogram(fill="gray")+
+   theme_bw()+
+   theme(panel.border = element_blank(),axis.line = element_line(colour = "black"))+
+   labs(
+     title="Labour party candidates",
+     x="\n Winning margin",
+     y="\n Frequency"
+   )+
+   ylim(c(0,35))+
+   geom_vline(xintercept = 0, col="black",lwd=1)+
+   annotate("text", x = -0.25, y = 35, 
+            label = paste("McCrary test P-value:",round(DCdensity(d.labour$wobl_margin, plot=FALSE), dig=3))
+            ,col="black")
`stat_bin()` using `bins = 30`. Pick better value with `binwidth`.
> dev.off()
null device 
          1 
> 
> pdf("hist_nonlabour.pdf")
> ggplot(d.nonlabour,aes(x=wobl_margin))+
+   geom_histogram(fill="gray")+
+   theme_bw()+
+   theme(panel.border = element_blank(),axis.line = element_line(colour = "black"))+
+   labs(
+     title="Non-Labour party candidates",
+     x="\n Winning margin",
+     y="\n Frequency"
+   )+
+   ylim(c(0,35))+
+   geom_vline(xintercept = 0, col="black",lwd=1)+
+   annotate("text", x = -0.3, y = 35, 
+            label = paste("McCrary test P-value:",round(DCdensity(d.nonlabour$wobl_margin, plot=FALSE), dig=4))
+            ,col="black")
`stat_bin()` using `bins = 30`. Pick better value with `binwidth`.
> dev.off()
null device 
          1 
> 
> ##########################################################
> # RDD plot figure: CPT vs energy and crossmatch
> ##########################################################
> 
> setwd("~/Dropbox/Class.test2/Rcode/analyses/real_data/MPs/")
> load("MPs.rda")
> setwd("~/Dropbox/Class.test2/figures/")
> 
> ### Function for extracting the results:
> 
> getresults = function(analysis)
+ {
+   results = matrix(NA,length(analysis$analyses),5)
+   colnames(results) = c("window", "observations", "CrossMatch", "Energy", "CPT")
+   for (i in 1:length(analysis$analyses))
+   {
+     results[i,1] = analysis$windowsizes[i]
+     results[i,2] = analysis$observations[i]
+     
+     if (is.na(analysis$analyses[[i]]$crossmatch)){
+       results[i,3] = NA
+     }else{
+       results[i,3] = analysis$analyses[[i]]$crossmatch$approxpval 
+     }
+     results[i,4] = analysis$analyses[[i]]$energy$p.value
+     results[i,5] = analysis$analyses[[i]]$forest$rate$pval
+   }
+   return(results)
+ }
> 
> ### MPs for sale: ###
> 
> dp = as.data.frame(getresults(MPs.analysis))
There were 28 warnings (use warnings() to see them)
> df=melt(dp[,-1],id="observations",variable_name="test.type")
> 
> p.cpt <- ggplot(df,aes(x=observations,y=value,col=test.type, shape=test.type))+
+   geom_point()+geom_line()+
+   labs(
+     #title="Eggers and Hainmueller (2009) \n",
+     title = "",
+     y = "P-value \n" ,
+     x = "Number of Obs. in window \n")+
+   theme_bw()+ 
+   theme(panel.border = element_blank(),axis.line = element_line(colour = "black"))+
+   geom_hline(yintercept = 0.05, lty=2,col="black")+
+   scale_colour_grey()+
+   guides(col=guide_legend(title="Test type: "),shape=guide_legend(title="Test type: "))+ # adding legend title
+   theme(legend.position="bottom") # legend position
> 
> pdf("MPs_rdd_window.pdf",width=8,height=7)
> p.cpt+geom_vline(xintercept = 164, col="grey",lwd=1,lty=2)+
+   annotate("text", x = 205, y = 1, 
+            label = paste("EH choosen window")
+            ,col="black")
Warning messages:
1: Removed 2 rows containing missing values (geom_point). 
2: Removed 2 rows containing missing values (geom_path). 
> dev.off()  
null device 
          1 
> 
> 
> 
> 
> 
> 
> 
> 
> 
> 
> 
> 
> 
> 
> 
> 
> 
> 
> 
> proc.time()
   user  system elapsed 
282.272  24.872 283.040 
